Archive member included to satisfy reference by file (symbol)

/Applications/STM32CubeIDE.app/Contents/Eclipse/plugins/com.st.stm32cube.ide.mcu.externaltools.gnu-tools-for-stm32.13.3.rel1.macos64_1.0.0.202411102158/tools/bin/../lib/gcc/arm-none-eabi/13.3.1/../../../../arm-none-eabi/lib/thumb/v7e-m+fp/hard/libc_nano.a(libc_a-exit.o)
                              /Applications/STM32CubeIDE.app/Contents/Eclipse/plugins/com.st.stm32cube.ide.mcu.externaltools.gnu-tools-for-stm32.13.3.rel1.macos64_1.0.0.202411102158/tools/bin/../lib/gcc/arm-none-eabi/13.3.1/../../../../arm-none-eabi/lib/thumb/v7e-m+fp/hard/crt0.o (exit)
/Applications/STM32CubeIDE.app/Contents/Eclipse/plugins/com.st.stm32cube.ide.mcu.externaltools.gnu-tools-for-stm32.13.3.rel1.macos64_1.0.0.202411102158/tools/bin/../lib/gcc/arm-none-eabi/13.3.1/../../../../arm-none-eabi/lib/thumb/v7e-m+fp/hard/libc_nano.a(libc_a-findfp.o)
                              ./Middlewares/Third_Party/FreeRTOS/Source/tasks.o (__sf)
/Applications/STM32CubeIDE.app/Contents/Eclipse/plugins/com.st.stm32cube.ide.mcu.externaltools.gnu-tools-for-stm32.13.3.rel1.macos64_1.0.0.202411102158/tools/bin/../lib/gcc/arm-none-eabi/13.3.1/../../../../arm-none-eabi/lib/thumb/v7e-m+fp/hard/libc_nano.a(libc_a-fwalk.o)
                              /Applications/STM32CubeIDE.app/Contents/Eclipse/plugins/com.st.stm32cube.ide.mcu.externaltools.gnu-tools-for-stm32.13.3.rel1.macos64_1.0.0.202411102158/tools/bin/../lib/gcc/arm-none-eabi/13.3.1/../../../../arm-none-eabi/lib/thumb/v7e-m+fp/hard/libc_nano.a(libc_a-findfp.o) (_fwalk_sglue)
/Applications/STM32CubeIDE.app/Contents/Eclipse/plugins/com.st.stm32cube.ide.mcu.externaltools.gnu-tools-for-stm32.13.3.rel1.macos64_1.0.0.202411102158/tools/bin/../lib/gcc/arm-none-eabi/13.3.1/../../../../arm-none-eabi/lib/thumb/v7e-m+fp/hard/libc_nano.a(libc_a-memset.o)
                              /Applications/STM32CubeIDE.app/Contents/Eclipse/plugins/com.st.stm32cube.ide.mcu.externaltools.gnu-tools-for-stm32.13.3.rel1.macos64_1.0.0.202411102158/tools/bin/../lib/gcc/arm-none-eabi/13.3.1/../../../../arm-none-eabi/lib/thumb/v7e-m+fp/hard/crt0.o (memset)
/Applications/STM32CubeIDE.app/Contents/Eclipse/plugins/com.st.stm32cube.ide.mcu.externaltools.gnu-tools-for-stm32.13.3.rel1.macos64_1.0.0.202411102158/tools/bin/../lib/gcc/arm-none-eabi/13.3.1/../../../../arm-none-eabi/lib/thumb/v7e-m+fp/hard/libc_nano.a(libc_a-errno.o)
                              ./Core/Src/syscalls.o (__errno)
/Applications/STM32CubeIDE.app/Contents/Eclipse/plugins/com.st.stm32cube.ide.mcu.externaltools.gnu-tools-for-stm32.13.3.rel1.macos64_1.0.0.202411102158/tools/bin/../lib/gcc/arm-none-eabi/13.3.1/../../../../arm-none-eabi/lib/thumb/v7e-m+fp/hard/libc_nano.a(libc_a-init.o)
                              /Applications/STM32CubeIDE.app/Contents/Eclipse/plugins/com.st.stm32cube.ide.mcu.externaltools.gnu-tools-for-stm32.13.3.rel1.macos64_1.0.0.202411102158/tools/bin/../lib/gcc/arm-none-eabi/13.3.1/../../../../arm-none-eabi/lib/thumb/v7e-m+fp/hard/crt0.o (__libc_init_array)
/Applications/STM32CubeIDE.app/Contents/Eclipse/plugins/com.st.stm32cube.ide.mcu.externaltools.gnu-tools-for-stm32.13.3.rel1.macos64_1.0.0.202411102158/tools/bin/../lib/gcc/arm-none-eabi/13.3.1/../../../../arm-none-eabi/lib/thumb/v7e-m+fp/hard/libc_nano.a(libc_a-lock.o)
                              /Applications/STM32CubeIDE.app/Contents/Eclipse/plugins/com.st.stm32cube.ide.mcu.externaltools.gnu-tools-for-stm32.13.3.rel1.macos64_1.0.0.202411102158/tools/bin/../lib/gcc/arm-none-eabi/13.3.1/../../../../arm-none-eabi/lib/thumb/v7e-m+fp/hard/libc_nano.a(libc_a-findfp.o) (__retarget_lock_init_recursive)
/Applications/STM32CubeIDE.app/Contents/Eclipse/plugins/com.st.stm32cube.ide.mcu.externaltools.gnu-tools-for-stm32.13.3.rel1.macos64_1.0.0.202411102158/tools/bin/../lib/gcc/arm-none-eabi/13.3.1/../../../../arm-none-eabi/lib/thumb/v7e-m+fp/hard/libc_nano.a(libc_a-reent.o)
                              ./Middlewares/Third_Party/FreeRTOS/Source/tasks.o (_reclaim_reent)
/Applications/STM32CubeIDE.app/Contents/Eclipse/plugins/com.st.stm32cube.ide.mcu.externaltools.gnu-tools-for-stm32.13.3.rel1.macos64_1.0.0.202411102158/tools/bin/../lib/gcc/arm-none-eabi/13.3.1/../../../../arm-none-eabi/lib/thumb/v7e-m+fp/hard/libc_nano.a(libc_a-impure.o)
                              ./Middlewares/Third_Party/FreeRTOS/Source/tasks.o (_impure_ptr)
/Applications/STM32CubeIDE.app/Contents/Eclipse/plugins/com.st.stm32cube.ide.mcu.externaltools.gnu-tools-for-stm32.13.3.rel1.macos64_1.0.0.202411102158/tools/bin/../lib/gcc/arm-none-eabi/13.3.1/../../../../arm-none-eabi/lib/thumb/v7e-m+fp/hard/libc_nano.a(libc_a-memcpy-stub.o)
                              ./Middlewares/Third_Party/FreeRTOS/Source/CMSIS_RTOS_V2/cmsis_os2.o (memcpy)
[...]
Memory Configuration

Name             Origin             Length             Attributes
RAM              0x20000000         0x00018000         xrw
RAM2             0x10000000         0x00008000         xrw
FLASH            0x08000000         0x00100000         xr
*default*        0x00000000         0xffffffff

Linker script and memory map

LOAD /Applications/STM32CubeIDE.app/Contents/Eclipse/plugins/com.st.stm32cube.ide.mcu.externaltools.gnu-tools-for-stm32.13.3.rel1.macos64_1.0.0.202411102158/tools/bin/../lib/gcc/arm-none-eabi/13.3.1/thumb/v7e-m+fp/hard/crti.o
LOAD /Applications/STM32CubeIDE.app/Contents/Eclipse/plugins/com.st.stm32cube.ide.mcu.externaltools.gnu-tools-for-stm32.13.3.rel1.macos64_1.0.0.202411102158/tools/bin/../lib/gcc/arm-none-eabi/13.3.1/thumb/v7e-m+fp/hard/crtbegin.o
LOAD /Applications/STM32CubeIDE.app/Contents/Eclipse/plugins/com.st.stm32cube.ide.mcu.externaltools.gnu-tools-for-stm32.13.3.rel1.macos64_1.0.0.202411102158/tools/bin/../lib/gcc/arm-none-eabi/13.3.1/../../../../arm-none-eabi/lib/thumb/v7e-m+fp/hard/crt0.o
LOAD ./Core/Src/adc.o
LOAD ./Core/Src/freertos.o
LOAD ./Core/Src/gpio.o
LOAD ./Core/Src/main.o
LOAD ./Core/Src/spi.o
LOAD ./Core/Src/stm32l4xx_hal_msp.o
LOAD ./Core/Src/stm32l4xx_hal_timebase_tim.o
LOAD ./Core/Src/stm32l4xx_it.o
LOAD ./Core/Src/syscalls.o
LOAD ./Core/Src/sysmem.o
LOAD ./Core/Src/system_stm32l4xx.o
LOAD ./Core/Src/tim.o
LOAD ./Core/Src/usart.o
LOAD ./Core/Startup/startup_stm32l476rgtx.o
LOAD ./Drivers/STM32L4xx_HAL_Driver/Src/stm32l4xx_hal.o
LOAD ./Drivers/STM32L4xx_HAL_Driver/Src/stm32l4xx_hal_adc.o
LOAD ./Drivers/STM32L4xx_HAL_Driver/Src/stm32l4xx_hal_adc_ex.o
LOAD ./Drivers/STM32L4xx_HAL_Driver/Src/stm32l4xx_hal_cortex.o
LOAD ./Drivers/STM32L4xx_HAL_Driver/Src/stm32l4xx_hal_dma.o
LOAD ./Drivers/STM32L4xx_HAL_Driver/Src/stm32l4xx_hal_dma_ex.o
LOAD ./Drivers/STM32L4xx_HAL_Driver/Src/stm32l4xx_hal_exti.o
LOAD ./Drivers/STM32L4xx_HAL_Driver/Src/stm32l4xx_hal_flash.o
LOAD ./Drivers/STM32L4xx_HAL_Driver/Src/stm32l4xx_hal_flash_ex.o
LOAD ./Drivers/STM32L4xx_HAL_Driver/Src/stm32l4xx_hal_flash_ramfunc.o
LOAD ./Drivers/STM32L4xx_HAL_Driver/Src/stm32l4xx_hal_gpio.o
LOAD ./Drivers/STM32L4xx_HAL_Driver/Src/stm32l4xx_hal_i2c.o
LOAD ./Drivers/STM32L4xx_HAL_Driver/Src/stm32l4xx_hal_i2c_ex.o
LOAD ./Drivers/STM32L4xx_HAL_Driver/Src/stm32l4xx_hal_pwr.o
LOAD ./Drivers/STM32L4xx_HAL_Driver/Src/stm32l4xx_hal_pwr_ex.o
LOAD ./Drivers/STM32L4xx_HAL_Driver/Src/stm32l4xx_hal_rcc.o
LOAD ./Drivers/STM32L4xx_HAL_Driver/Src/stm32l4xx_hal_rcc_ex.o
LOAD ./Drivers/STM32L4xx_HAL_Driver/Src/stm32l4xx_hal_spi.o
LOAD ./Drivers/STM32L4xx_HAL_Driver/Src/stm32l4xx_hal_spi_ex.o
LOAD ./Drivers/STM32L4xx_HAL_Driver/Src/stm32l4xx_hal_tim.o
LOAD ./Drivers/STM32L4xx_HAL_Driver/Src/stm32l4xx_hal_tim_ex.o
LOAD ./Drivers/STM32L4xx_HAL_Driver/Src/stm32l4xx_hal_uart.o
LOAD ./Drivers/STM32L4xx_HAL_Driver/Src/stm32l4xx_hal_uart_ex.o
LOAD ./Middlewares/Third_Party/FreeRTOS/Source/CMSIS_RTOS_V2/cmsis_os2.o
LOAD ./Middlewares/Third_Party/FreeRTOS/Source/croutine.o
LOAD ./Middlewares/Third_Party/FreeRTOS/Source/event_groups.o
LOAD ./Middlewares/Third_Party/FreeRTOS/Source/list.o
LOAD ./Middlewares/Third_Party/FreeRTOS/Source/queue.o
LOAD ./Middlewares/Third_Party/FreeRTOS/Source/stream_buffer.o
LOAD ./Middlewares/Third_Party/FreeRTOS/Source/tasks.o
LOAD ./Middlewares/Third_Party/FreeRTOS/Source/timers.o
LOAD ./Middlewares/Third_Party/FreeRTOS/Source/portable/GCC/ARM_CM4F/port.o
LOAD ./Middlewares/Third_Party/FreeRTOS/Source/portable/MemMang/heap_4.o
START GROUP
LOAD /Applications/STM32CubeIDE.app/Contents/Eclipse/plugins/com.st.stm32cube.ide.mcu.externaltools.gnu-tools-for-stm32.13.3.rel1.macos64_1.0.0.202411102158/tools/bin/../lib/gcc/arm-none-eabi/13.3.1/../../../../arm-none-eabi/lib/thumb/v7e-m+fp/hard/libc_nano.a
LOAD /Applications/STM32CubeIDE.app/Contents/Eclipse/plugins/com.st.stm32cube.ide.mcu.externaltools.gnu-tools-for-stm32.13.3.rel1.macos64_1.0.0.202411102158/tools/bin/../lib/gcc/arm-none-eabi/13.3.1/../../../../arm-none-eabi/lib/thumb/v7e-m+fp/hard/libm.a
END GROUP
START GROUP
LOAD /Applications/STM32CubeIDE.app/Contents/Eclipse/plugins/com.st.stm32cube.ide.mcu.externaltools.gnu-tools-for-stm32.13.3.rel1.macos64_1.0.0.202411102158/tools/bin/../lib/gcc/arm-none-eabi/13.3.1/thumb/v7e-m+fp/hard/libgcc.a
LOAD /Applications/STM32CubeIDE.app/Contents/Eclipse/plugins/com.st.stm32cube.ide.mcu.externaltools.gnu-tools-for-stm32.13.3.rel1.macos64_1.0.0.202411102158/tools/bin/../lib/gcc/arm-none-eabi/13.3.1/../../../../arm-none-eabi/lib/thumb/v7e-m+fp/hard/libc_nano.a
END GROUP
START GROUP
LOAD /Applications/STM32CubeIDE.app/Contents/Eclipse/plugins/com.st.stm32cube.ide.mcu.externaltools.gnu-tools-for-stm32.13.3.rel1.macos64_1.0.0.202411102158/tools/bin/../lib/gcc/arm-none-eabi/13.3.1/thumb/v7e-m+fp/hard/libgcc.a
LOAD /Applications/STM32CubeIDE.app/Contents/Eclipse/plugins/com.st.stm32cube.ide.mcu.externaltools.gnu-tools-for-stm32.13.3.rel1.macos64_1.0.0.202411102158/tools/bin/../lib/gcc/arm-none-eabi/13.3.1/../../../../arm-none-eabi/lib/thumb/v7e-m+fp/hard/libc_nano.a
LOAD /Applications/STM32CubeIDE.app/Contents/Eclipse/plugins/com.st.stm32cube.ide.mcu.externaltools.gnu-tools-for-stm32.13.3.rel1.macos64_1.0.0.202411102158/tools/bin/../lib/gcc/arm-none-eabi/13.3.1/../../../../arm-none-eabi/lib/thumb/v7e-m+fp/hard/libnosys.a
END GROUP
START GROUP
LOAD /Applications/STM32CubeIDE.app/Contents/Eclipse/plugins/com.st.stm32cube.ide.mcu.externaltools.gnu-tools-for-stm32.13.3.rel1.macos64_1.0.0.202411102158/tools/bin/../lib/gcc/arm-none-eabi/13.3.1/thumb/v7e-m+fp/hard/libgcc.a
LOAD /Applications/STM32CubeIDE.app/Contents/Eclipse/plugins/com.st.stm32cube.ide.mcu.externaltools.gnu-tools-for-stm32.13.3.rel1.macos64_1.0.0.202411102158/tools/bin/../lib/gcc/arm-none-eabi/13.3.1/../../../../arm-none-eabi/lib/thumb/v7e-m+fp/hard/libc_nano.a
LOAD /Applications/STM32CubeIDE.app/Contents/Eclipse/plugins/com.st.stm32cube.ide.mcu.externaltools.gnu-tools-for-stm32.13.3.rel1.macos64_1.0.0.202411102158/tools/bin/../lib/gcc/arm-none-eabi/13.3.1/../../../../arm-none-eabi/lib/thumb/v7e-m+fp/hard/libnosys.a
END GROUP
LOAD /Applications/STM32CubeIDE.app/Contents/Eclipse/plugins/com.st.stm32cube.ide.mcu.externaltools.gnu-tools-for-stm32.13.3.rel1.macos64_1.0.0.202411102158/tools/bin/../lib/gcc/arm-none-eabi/13.3.1/thumb/v7e-m+fp/hard/crtend.o
LOAD /Applications/STM32CubeIDE.app/Contents/Eclipse/plugins/com.st.stm32cube.ide.mcu.externaltools.gnu-tools-for-stm32.13.3.rel1.macos64_1.0.0.202411102158/tools/bin/../lib/gcc/arm-none-eabi/13.3.1/thumb/v7e-m+fp/hard/crtn.o
                0x20018000                        _estack = (ORIGIN (RAM) + LENGTH (RAM))
                0x00000200                        _Min_Heap_Size = 0x200
                0x00000400                        _Min_Stack_Size = 0x400

.isr_vector     0x08000000      0x188
                0x08000000                        . = ALIGN (0x4)
 *(.isr_vector)
 .isr_vector    0x08000000      0x188 ./Core/Startup/startup_stm32l476rgtx.o
                0x08000000                g_pfnVectors
                0x08000188                        . = ALIGN (0x4)

.text           0x08000190     0x86b0
                0x08000190                        . = ALIGN (0x4)
 *(.text)
 .text          0x08000190       0x40 /Applications/STM32CubeIDE.app/Contents/Eclipse/plugins/com.st.stm32cube.ide.mcu.externaltools.gnu-tools-for-stm32.13.3.rel1.macos64_1.0.0.202411102158/tools/bin/../lib/gcc/arm-none-eabi/13.3.1/thumb/v7e-m+fp/hard/crtbegin.o
 .text          0x080001d0       0x30 /Applications/STM32CubeIDE.app/Contents/Eclipse/plugins/com.st.stm32cube.ide.mcu.externaltools.gnu-tools-for-stm32.13.3.rel1.macos64_1.0.0.202411102158/tools/bin/../lib/gcc/arm-none-eabi/13.3.1/thumb/v7e-m+fp/hard/libgcc.a(_aeabi_uldivmod.o)
                0x080001d0                __aeabi_uldivmod
 .text          0x08000200      0x2f8 /Applications/STM32CubeIDE.app/Contents/Eclipse/plugins/com.st.stm32cube.ide.mcu.externaltools.gnu-tools-for-stm32.13.3.rel1.macos64_1.0.0.202411102158/tools/bin/../lib/gcc/arm-none-eabi/13.3.1/thumb/v7e-m+fp/hard/libgcc.a(_udivmoddi4.o)
                0x08000200                __udivmoddi4
 .text          0x080004f8        0x4 /Applications/STM32CubeIDE.app/Contents/Eclipse/plugins/com.st.stm32cube.ide.mcu.externaltools.gnu-tools-for-stm32.13.3.rel1.macos64_1.0.0.202411102158/tools/bin/../lib/gcc/arm-none-eabi/13.3.1/thumb/v7e-m+fp/hard/libgcc.a(_dvmd_tls.o)
                0x080004f8                __aeabi_ldiv0
                0x080004f8                __aeabi_idiv0
 *(.text*)
 .text.MX_ADC1_Init
                0x080004fc       0xec ./Core/Src/adc.o
                0x080004fc                MX_ADC1_Init
 .text.HAL_ADC_MspInit
                0x080005e8       0xd4 ./Core/Src/adc.o
                0x080005e8                HAL_ADC_MspInit
 .text.MX_FREERTOS_Init
                0x080006bc       0x78 ./Core/Src/freertos.o
                0x080006bc                MX_FREERTOS_Init
 .text.StartDefaultTask
                0x08000734      0x164 ./Core/Src/freertos.o
                0x08000734                StartDefaultTask
 .text.Blink1   0x08000898       0x10 ./Core/Src/freertos.o
                0x08000898                Blink1
 .text.Blink2   0x080008a8       0x2c ./Core/Src/freertos.o
                0x080008a8                Blink2
 .text.Trigg    0x080008d4       0x2a ./Core/Src/freertos.o
                0x080008d4                Trigg
 *fill*         0x080008fe        0x2 
 .text.wait_cycles
                0x08000900       0x2c ./Core/Src/freertos.o
                0x08000900                wait_cycles
 .text.MX_GPIO_Init
                0x0800092c      0x228 ./Core/Src/gpio.o
                0x0800092c                MX_GPIO_Init
 .text.main     0x08000b54       0x34 ./Core/Src/main.o
                0x08000b54                main
 .text.SystemClock_Config
                0x08000b88       0xa2 ./Core/Src/main.o
                0x08000b88                SystemClock_Config
 *fill*         0x08000c2a        0x2 
 .text.HAL_TIM_PeriodElapsedCallback
                0x08000c2c       0x24 ./Core/Src/main.o
                0x08000c2c                HAL_TIM_PeriodElapsedCallback
 .text.Error_Handler
                0x08000c50        0xc ./Core/Src/main.o
                0x08000c50                Error_Handler
 .text.MX_SPI2_Init
                0x08000c5c       0x7c ./Core/Src/spi.o
                0x08000c5c                MX_SPI2_Init
 .text.MX_SPI3_Init
                0x08000cd8       0x7c ./Core/Src/spi.o
                0x08000cd8                MX_SPI3_Init
 .text.HAL_SPI_MspInit
                0x08000d54      0x160 ./Core/Src/spi.o
                0x08000d54                HAL_SPI_MspInit
 .text.HAL_MspInit
                0x08000eb4       0x50 ./Core/Src/stm32l4xx_hal_msp.o
                0x08000eb4                HAL_MspInit
 .text.HAL_InitTick
                0x08000f04       0xdc ./Core/Src/stm32l4xx_hal_timebase_tim.o
                0x08000f04                HAL_InitTick
 .text.NMI_Handler
                0x08000fe0        0x8 ./Core/Src/stm32l4xx_it.o
                0x08000fe0                NMI_Handler
 .text.HardFault_Handler
                0x08000fe8        0x8 ./Core/Src/stm32l4xx_it.o
                0x08000fe8                HardFault_Handler
 .text.MemManage_Handler
                0x08000ff0        0x8 ./Core/Src/stm32l4xx_it.o
                0x08000ff0                MemManage_Handler
 .text.BusFault_Handler
                0x08000ff8        0x8 ./Core/Src/stm32l4xx_it.o
                0x08000ff8                BusFault_Handler
 .text.UsageFault_Handler
                0x08001000        0x8 ./Core/Src/stm32l4xx_it.o
                0x08001000                UsageFault_Handler
 .text.DebugMon_Handler
                0x08001008        0xe ./Core/Src/stm32l4xx_it.o
                0x08001008                DebugMon_Handler
 *fill*         0x08001016        0x2 
 .text.TIM1_UP_TIM16_IRQHandler
                0x08001018       0x14 ./Core/Src/stm32l4xx_it.o
                0x08001018                TIM1_UP_TIM16_IRQHandler
 .text.SystemInit
                0x0800102c       0x24 ./Core/Src/system_stm32l4xx.o
                0x0800102c                SystemInit
 .text.MX_TIM8_Init
                0x08001050       0xa4 ./Core/Src/tim.o
                0x08001050                MX_TIM8_Init
 .text.HAL_TIM_Base_MspInit
                0x080010f4       0x40 ./Core/Src/tim.o
                0x080010f4                HAL_TIM_Base_MspInit
 .text.MX_USART2_UART_Init
                0x08001134       0x60 ./Core/Src/usart.o
                0x08001134                MX_USART2_UART_Init
 .text.HAL_UART_MspInit
                0x08001194       0xb8 ./Core/Src/usart.o
                0x08001194                HAL_UART_MspInit
 .text.Reset_Handler
                0x0800124c       0x50 ./Core/Startup/startup_stm32l476rgtx.o
                0x0800124c                Reset_Handler
 .text.Default_Handler
                0x0800129c        0x2 ./Core/Startup/startup_stm32l476rgtx.o
                0x0800129c                TIM1_BRK_TIM15_IRQHandler
                0x0800129c                EXTI2_IRQHandler
                0x0800129c                TIM8_TRG_COM_IRQHandler
                0x0800129c                TIM8_CC_IRQHandler
                0x0800129c                TIM1_CC_IRQHandler
                0x0800129c                TSC_IRQHandler
                0x0800129c                TAMP_STAMP_IRQHandler
                0x0800129c                EXTI3_IRQHandler
                0x0800129c                LPTIM2_IRQHandler
                0x0800129c                DFSDM1_FLT1_IRQHandler
                0x0800129c                I2C3_ER_IRQHandler
                0x0800129c                DFSDM1_FLT2_IRQHandler
                0x0800129c                EXTI0_IRQHandler
                0x0800129c                I2C2_EV_IRQHandler
                0x0800129c                CAN1_RX0_IRQHandler
                0x0800129c                FPU_IRQHandler
                0x0800129c                ADC1_2_IRQHandler
                0x0800129c                SPI1_IRQHandler
                0x0800129c                TIM6_DAC_IRQHandler
                0x0800129c                TIM8_UP_IRQHandler
                0x0800129c                DMA2_Channel2_IRQHandler
                0x0800129c                DMA1_Channel4_IRQHandler
                0x0800129c                SAI2_IRQHandler
                0x0800129c                DFSDM1_FLT3_IRQHandler
                0x0800129c                USART3_IRQHandler
                0x0800129c                DMA1_Channel7_IRQHandler
                0x0800129c                CAN1_RX1_IRQHandler
                0x0800129c                LCD_IRQHandler
                0x0800129c                UART5_IRQHandler
                0x0800129c                ADC3_IRQHandler
                0x0800129c                TIM4_IRQHandler
                0x0800129c                DMA2_Channel1_IRQHandler
                0x0800129c                QUADSPI_IRQHandler
                0x0800129c                I2C1_EV_IRQHandler
                0x0800129c                DMA1_Channel6_IRQHandler
                0x0800129c                UART4_IRQHandler
                0x0800129c                DMA2_Channel4_IRQHandler
                0x0800129c                TIM3_IRQHandler
                0x0800129c                RCC_IRQHandler
                0x0800129c                DMA1_Channel1_IRQHandler
                0x0800129c                Default_Handler
                0x0800129c                DMA2_Channel7_IRQHandler
                0x0800129c                EXTI15_10_IRQHandler
                0x0800129c                TIM7_IRQHandler
                0x0800129c                SDMMC1_IRQHandler
                0x0800129c                TIM5_IRQHandler
                0x0800129c                I2C3_EV_IRQHandler
                0x0800129c                EXTI9_5_IRQHandler
                0x0800129c                RTC_WKUP_IRQHandler
                0x0800129c                PVD_PVM_IRQHandler
                0x0800129c                SPI2_IRQHandler
                0x0800129c                CAN1_TX_IRQHandler
                0x0800129c                DMA2_Channel5_IRQHandler
                0x0800129c                DMA1_Channel5_IRQHandler
                0x0800129c                EXTI4_IRQHandler
                0x0800129c                RNG_IRQHandler
                0x0800129c                TIM1_TRG_COM_TIM17_IRQHandler
                0x0800129c                DMA1_Channel3_IRQHandler
                0x0800129c                COMP_IRQHandler
                0x0800129c                WWDG_IRQHandler
                0x0800129c                LPUART1_IRQHandler
                0x0800129c                DMA2_Channel6_IRQHandler
                0x0800129c                TIM2_IRQHandler
                0x0800129c                EXTI1_IRQHandler
                0x0800129c                USART2_IRQHandler
                0x0800129c                DFSDM1_FLT0_IRQHandler
                0x0800129c                I2C2_ER_IRQHandler
                0x0800129c                DMA1_Channel2_IRQHandler
                0x0800129c                TIM8_BRK_IRQHandler
                0x0800129c                CAN1_SCE_IRQHandler
                0x0800129c                FLASH_IRQHandler
                0x0800129c                USART1_IRQHandler
                0x0800129c                OTG_FS_IRQHandler
                0x0800129c                SPI3_IRQHandler
                0x0800129c                I2C1_ER_IRQHandler
                0x0800129c                FMC_IRQHandler
                0x0800129c                SWPMI1_IRQHandler
                0x0800129c                LPTIM1_IRQHandler
                0x0800129c                SAI1_IRQHandler
                0x0800129c                DMA2_Channel3_IRQHandler
                0x0800129c                RTC_Alarm_IRQHandler
 *fill*         0x0800129e        0x2 
 .text.HAL_Init
                0x080012a0       0x40 ./Drivers/STM32L4xx_HAL_Driver/Src/stm32l4xx_hal.o
                0x080012a0                HAL_Init
 .text.HAL_IncTick
                0x080012e0       0x28 ./Drivers/STM32L4xx_HAL_Driver/Src/stm32l4xx_hal.o
                0x080012e0                HAL_IncTick
 .text.HAL_GetTick
                0x08001308       0x18 ./Drivers/STM32L4xx_HAL_Driver/Src/stm32l4xx_hal.o
                0x08001308                HAL_GetTick
 .text.HAL_Delay
                0x08001320       0x48 ./Drivers/STM32L4xx_HAL_Driver/Src/stm32l4xx_hal.o
                0x08001320                HAL_Delay
 .text.LL_ADC_SetCommonClock
                0x08001368       0x26 ./Drivers/STM32L4xx_HAL_Driver/Src/stm32l4xx_hal_adc.o
 .text.LL_ADC_SetCommonPathInternalCh
                0x0800138e       0x26 ./Drivers/STM32L4xx_HAL_Driver/Src/stm32l4xx_hal_adc.o
 .text.LL_ADC_GetCommonPathInternalCh
                0x080013b4       0x1c ./Drivers/STM32L4xx_HAL_Driver/Src/stm32l4xx_hal_adc.o
 .text.LL_ADC_SetOffset
                0x080013d0       0x48 ./Drivers/STM32L4xx_HAL_Driver/Src/stm32l4xx_hal_adc.o
 .text.LL_ADC_GetOffsetChannel
                0x08001418       0x2c ./Drivers/STM32L4xx_HAL_Driver/Src/stm32l4xx_hal_adc.o
 .text.LL_ADC_SetOffsetState
                0x08001444       0x36 ./Drivers/STM32L4xx_HAL_Driver/Src/stm32l4xx_hal_adc.o
 .text.LL_ADC_REG_SetSequencerRanks
                0x0800147a       0x58 ./Drivers/STM32L4xx_HAL_Driver/Src/stm32l4xx_hal_adc.o
 .text.LL_ADC_SetChannelSamplingTime
                0x080014d2       0x56 ./Drivers/STM32L4xx_HAL_Driver/Src/stm32l4xx_hal_adc.o
 .text.LL_ADC_SetChannelSingleDiff
                0x08001528       0x48 ./Drivers/STM32L4xx_HAL_Driver/Src/stm32l4xx_hal_adc.o
 .text.LL_ADC_DisableDeepPowerDown
                0x08001570       0x24 ./Drivers/STM32L4xx_HAL_Driver/Src/stm32l4xx_hal_adc.o
 .text.LL_ADC_IsDeepPowerDownEnabled
                0x08001594       0x28 ./Drivers/STM32L4xx_HAL_Driver/Src/stm32l4xx_hal_adc.o
 .text.LL_ADC_EnableInternalRegulator
                0x080015bc       0x28 ./Drivers/STM32L4xx_HAL_Driver/Src/stm32l4xx_hal_adc.o
 .text.LL_ADC_IsInternalRegulatorEnabled
                0x080015e4       0x28 ./Drivers/STM32L4xx_HAL_Driver/Src/stm32l4xx_hal_adc.o
 .text.LL_ADC_IsEnabled
                0x0800160c       0x26 ./Drivers/STM32L4xx_HAL_Driver/Src/stm32l4xx_hal_adc.o
 .text.LL_ADC_REG_IsConversionOngoing
                0x08001632       0x26 ./Drivers/STM32L4xx_HAL_Driver/Src/stm32l4xx_hal_adc.o
 .text.LL_ADC_INJ_IsConversionOngoing
                0x08001658       0x26 ./Drivers/STM32L4xx_HAL_Driver/Src/stm32l4xx_hal_adc.o
 *fill*         0x0800167e        0x2 
 .text.HAL_ADC_Init
                0x08001680      0x2a0 ./Drivers/STM32L4xx_HAL_Driver/Src/stm32l4xx_hal_adc.o
                0x08001680                HAL_ADC_Init
 .text.HAL_ADC_ConfigChannel
                0x08001920      0x7e4 ./Drivers/STM32L4xx_HAL_Driver/Src/stm32l4xx_hal_adc.o
                0x08001920                HAL_ADC_ConfigChannel
 .text.LL_ADC_IsEnabled
                0x08002104       0x26 ./Drivers/STM32L4xx_HAL_Driver/Src/stm32l4xx_hal_adc_ex.o
 .text.LL_ADC_REG_IsConversionOngoing
                0x0800212a       0x26 ./Drivers/STM32L4xx_HAL_Driver/Src/stm32l4xx_hal_adc_ex.o
 .text.HAL_ADCEx_MultiModeConfigChannel
                0x08002150      0x160 ./Drivers/STM32L4xx_HAL_Driver/Src/stm32l4xx_hal_adc_ex.o
                0x08002150                HAL_ADCEx_MultiModeConfigChannel
 .text.__NVIC_SetPriorityGrouping
                0x080022b0       0x48 ./Drivers/STM32L4xx_HAL_Driver/Src/stm32l4xx_hal_cortex.o
 .text.__NVIC_GetPriorityGrouping
                0x080022f8       0x1c ./Drivers/STM32L4xx_HAL_Driver/Src/stm32l4xx_hal_cortex.o
 .text.__NVIC_EnableIRQ
                0x08002314       0x3c ./Drivers/STM32L4xx_HAL_Driver/Src/stm32l4xx_hal_cortex.o
 .text.__NVIC_SetPriority
                0x08002350       0x54 ./Drivers/STM32L4xx_HAL_Driver/Src/stm32l4xx_hal_cortex.o
 .text.NVIC_EncodePriority
                0x080023a4       0x66 ./Drivers/STM32L4xx_HAL_Driver/Src/stm32l4xx_hal_cortex.o
 .text.HAL_NVIC_SetPriorityGrouping
                0x0800240a       0x16 ./Drivers/STM32L4xx_HAL_Driver/Src/stm32l4xx_hal_cortex.o
                0x0800240a                HAL_NVIC_SetPriorityGrouping
 .text.HAL_NVIC_SetPriority
                0x08002420       0x38 ./Drivers/STM32L4xx_HAL_Driver/Src/stm32l4xx_hal_cortex.o
                0x08002420                HAL_NVIC_SetPriority
 .text.HAL_NVIC_EnableIRQ
                0x08002458       0x1c ./Drivers/STM32L4xx_HAL_Driver/Src/stm32l4xx_hal_cortex.o
                0x08002458                HAL_NVIC_EnableIRQ
 .text.HAL_GPIO_Init
                0x08002474      0x354 ./Drivers/STM32L4xx_HAL_Driver/Src/stm32l4xx_hal_gpio.o
                0x08002474                HAL_GPIO_Init
 .text.HAL_GPIO_WritePin
                0x080027c8       0x30 ./Drivers/STM32L4xx_HAL_Driver/Src/stm32l4xx_hal_gpio.o
                0x080027c8                HAL_GPIO_WritePin
 .text.HAL_GPIO_TogglePin
                0x080027f8       0x34 ./Drivers/STM32L4xx_HAL_Driver/Src/stm32l4xx_hal_gpio.o
                0x080027f8                HAL_GPIO_TogglePin
 .text.HAL_PWREx_GetVoltageRange
                0x0800282c       0x1c ./Drivers/STM32L4xx_HAL_Driver/Src/stm32l4xx_hal_pwr_ex.o
                0x0800282c                HAL_PWREx_GetVoltageRange
 .text.HAL_PWREx_ControlVoltageScaling
                0x08002848       0xac ./Drivers/STM32L4xx_HAL_Driver/Src/stm32l4xx_hal_pwr_ex.o
                0x08002848                HAL_PWREx_ControlVoltageScaling
 .text.HAL_RCC_OscConfig
                0x080028f4      0x7b8 ./Drivers/STM32L4xx_HAL_Driver/Src/stm32l4xx_hal_rcc.o
                0x080028f4                HAL_RCC_OscConfig
 .text.HAL_RCC_ClockConfig
                0x080030ac      0x200 ./Drivers/STM32L4xx_HAL_Driver/Src/stm32l4xx_hal_rcc.o
                0x080030ac                HAL_RCC_ClockConfig
 .text.HAL_RCC_GetSysClockFreq
                0x080032ac      0x118 ./Drivers/STM32L4xx_HAL_Driver/Src/stm32l4xx_hal_rcc.o
                0x080032ac                HAL_RCC_GetSysClockFreq
 .text.HAL_RCC_GetHCLKFreq
                0x080033c4       0x18 ./Drivers/STM32L4xx_HAL_Driver/Src/stm32l4xx_hal_rcc.o
                0x080033c4                HAL_RCC_GetHCLKFreq
 .text.HAL_RCC_GetPCLK1Freq
                0x080033dc       0x2c ./Drivers/STM32L4xx_HAL_Driver/Src/stm32l4xx_hal_rcc.o
                0x080033dc                HAL_RCC_GetPCLK1Freq
 .text.HAL_RCC_GetPCLK2Freq
                0x08003408       0x2c ./Drivers/STM32L4xx_HAL_Driver/Src/stm32l4xx_hal_rcc.o
                0x08003408                HAL_RCC_GetPCLK2Freq
 .text.HAL_RCC_GetClockConfig
                0x08003434       0x64 ./Drivers/STM32L4xx_HAL_Driver/Src/stm32l4xx_hal_rcc.o
                0x08003434                HAL_RCC_GetClockConfig
 .text.RCC_SetFlashLatencyFromMSIRange
                0x08003498       0xc0 ./Drivers/STM32L4xx_HAL_Driver/Src/stm32l4xx_hal_rcc.o
 .text.HAL_RCCEx_PeriphCLKConfig
                0x08003558      0x5d4 ./Drivers/STM32L4xx_HAL_Driver/Src/stm32l4xx_hal_rcc_ex.o
                0x08003558                HAL_RCCEx_PeriphCLKConfig
 .text.RCCEx_PLLSAI1_Config
                0x08003b2c      0x1e8 ./Drivers/STM32L4xx_HAL_Driver/Src/stm32l4xx_hal_rcc_ex.o
 .text.RCCEx_PLLSAI2_Config
                0x08003d14      0x1bc ./Drivers/STM32L4xx_HAL_Driver/Src/stm32l4xx_hal_rcc_ex.o
 .text.HAL_SPI_Init
                0x08003ed0      0x146 ./Drivers/STM32L4xx_HAL_Driver/Src/stm32l4xx_hal_spi.o
                0x08003ed0                HAL_SPI_Init
 .text.HAL_SPI_Transmit
                0x08004016      0x2ec ./Drivers/STM32L4xx_HAL_Driver/Src/stm32l4xx_hal_spi.o
                0x08004016                HAL_SPI_Transmit
 *fill*         0x08004302        0x2 
 .text.SPI_WaitFlagStateUntilTimeout
                0x08004304      0x110 ./Drivers/STM32L4xx_HAL_Driver/Src/stm32l4xx_hal_spi.o
 .text.SPI_WaitFifoStateUntilTimeout
                0x08004414      0x12c ./Drivers/STM32L4xx_HAL_Driver/Src/stm32l4xx_hal_spi.o
 .text.SPI_EndRxTxTransaction
                0x08004540       0x8c ./Drivers/STM32L4xx_HAL_Driver/Src/stm32l4xx_hal_spi.o
 .text.HAL_TIM_Base_Init
                0x080045cc       0xae ./Drivers/STM32L4xx_HAL_Driver/Src/stm32l4xx_hal_tim.o
                0x080045cc                HAL_TIM_Base_Init
 *fill*         0x0800467a        0x2 
 .text.HAL_TIM_Base_Start_IT
                0x0800467c       0xe0 ./Drivers/STM32L4xx_HAL_Driver/Src/stm32l4xx_hal_tim.o
                0x0800467c                HAL_TIM_Base_Start_IT
 .text.HAL_TIM_IRQHandler
                0x0800475c      0x20e ./Drivers/STM32L4xx_HAL_Driver/Src/stm32l4xx_hal_tim.o
                0x0800475c                HAL_TIM_IRQHandler
 .text.HAL_TIM_ConfigClockSource
                0x0800496a      0x192 ./Drivers/STM32L4xx_HAL_Driver/Src/stm32l4xx_hal_tim.o
                0x0800496a                HAL_TIM_ConfigClockSource
 .text.HAL_TIM_OC_DelayElapsedCallback
                0x08004afc       0x14 ./Drivers/STM32L4xx_HAL_Driver/Src/stm32l4xx_hal_tim.o
                0x08004afc                HAL_TIM_OC_DelayElapsedCallback
 .text.HAL_TIM_IC_CaptureCallback
                0x08004b10       0x14 ./Drivers/STM32L4xx_HAL_Driver/Src/stm32l4xx_hal_tim.o
                0x08004b10                HAL_TIM_IC_CaptureCallback
 .text.HAL_TIM_PWM_PulseFinishedCallback
                0x08004b24       0x14 ./Drivers/STM32L4xx_HAL_Driver/Src/stm32l4xx_hal_tim.o
                0x08004b24                HAL_TIM_PWM_PulseFinishedCallback
 .text.HAL_TIM_TriggerCallback
                0x08004b38       0x14 ./Drivers/STM32L4xx_HAL_Driver/Src/stm32l4xx_hal_tim.o
                0x08004b38                HAL_TIM_TriggerCallback
 .text.TIM_Base_SetConfig
                0x08004b4c      0x14c ./Drivers/STM32L4xx_HAL_Driver/Src/stm32l4xx_hal_tim.o
                0x08004b4c                TIM_Base_SetConfig
 .text.TIM_TI1_ConfigInputStage
                0x08004c98       0x5e ./Drivers/STM32L4xx_HAL_Driver/Src/stm32l4xx_hal_tim.o
 .text.TIM_TI2_ConfigInputStage
                0x08004cf6       0x60 ./Drivers/STM32L4xx_HAL_Driver/Src/stm32l4xx_hal_tim.o
 .text.TIM_ITRx_SetConfig
                0x08004d56       0x36 ./Drivers/STM32L4xx_HAL_Driver/Src/stm32l4xx_hal_tim.o
 .text.TIM_ETR_SetConfig
                0x08004d8c       0x40 ./Drivers/STM32L4xx_HAL_Driver/Src/stm32l4xx_hal_tim.o
                0x08004d8c                TIM_ETR_SetConfig
 .text.HAL_TIMEx_MasterConfigSynchronization
                0x08004dcc      0x110 ./Drivers/STM32L4xx_HAL_Driver/Src/stm32l4xx_hal_tim_ex.o
                0x08004dcc                HAL_TIMEx_MasterConfigSynchronization
 .text.HAL_TIMEx_CommutCallback
                0x08004edc       0x14 ./Drivers/STM32L4xx_HAL_Driver/Src/stm32l4xx_hal_tim_ex.o
                0x08004edc                HAL_TIMEx_CommutCallback
 .text.HAL_TIMEx_BreakCallback
                0x08004ef0       0x14 ./Drivers/STM32L4xx_HAL_Driver/Src/stm32l4xx_hal_tim_ex.o
                0x08004ef0                HAL_TIMEx_BreakCallback
 .text.HAL_TIMEx_Break2Callback
                0x08004f04       0x14 ./Drivers/STM32L4xx_HAL_Driver/Src/stm32l4xx_hal_tim_ex.o
                0x08004f04                HAL_TIMEx_Break2Callback
 .text.HAL_UART_Init
                0x08004f18       0x9c ./Drivers/STM32L4xx_HAL_Driver/Src/stm32l4xx_hal_uart.o
                0x08004f18                HAL_UART_Init
 .text.UART_SetConfig
                0x08004fb4      0x570 ./Drivers/STM32L4xx_HAL_Driver/Src/stm32l4xx_hal_uart.o
                0x08004fb4                UART_SetConfig
 .text.UART_AdvFeatureConfig
                0x08005524      0x144 ./Drivers/STM32L4xx_HAL_Driver/Src/stm32l4xx_hal_uart.o
                0x08005524                UART_AdvFeatureConfig
 .text.UART_CheckIdleState
                0x08005668      0x150 ./Drivers/STM32L4xx_HAL_Driver/Src/stm32l4xx_hal_uart.o
                0x08005668                UART_CheckIdleState
 .text.UART_WaitOnFlagUntilTimeout
                0x080057b8       0xda ./Drivers/STM32L4xx_HAL_Driver/Src/stm32l4xx_hal_uart.o
                0x080057b8                UART_WaitOnFlagUntilTimeout
 .text.UART_EndRxTransfer
                0x08005892       0xc8 ./Drivers/STM32L4xx_HAL_Driver/Src/stm32l4xx_hal_uart.o
 *fill*         0x0800595a        0x2 
 .text.__NVIC_SetPriority
                0x0800595c       0x54 ./Middlewares/Third_Party/FreeRTOS/Source/CMSIS_RTOS_V2/cmsis_os2.o
 .text.SysTick_Handler
                0x080059b0       0x20 ./Middlewares/Third_Party/FreeRTOS/Source/CMSIS_RTOS_V2/cmsis_os2.o
                0x080059b0                SysTick_Handler
 .text.SVC_Setup
                0x080059d0       0x12 ./Middlewares/Third_Party/FreeRTOS/Source/CMSIS_RTOS_V2/cmsis_os2.o
 *fill*         0x080059e2        0x2 
 .text.osKernelInitialize
                0x080059e4       0x48 ./Middlewares/Third_Party/FreeRTOS/Source/CMSIS_RTOS_V2/cmsis_os2.o
                0x080059e4                osKernelInitialize
 .text.osKernelStart
                0x08005a2c       0x4c ./Middlewares/Third_Party/FreeRTOS/Source/CMSIS_RTOS_V2/cmsis_os2.o
                0x08005a2c                osKernelStart
 .text.osThreadNew
                0x08005a78      0x124 ./Middlewares/Third_Party/FreeRTOS/Source/CMSIS_RTOS_V2/cmsis_os2.o
                0x08005a78                osThreadNew
 .text.osDelay  0x08005b9c       0x36 ./Middlewares/Third_Party/FreeRTOS/Source/CMSIS_RTOS_V2/cmsis_os2.o
                0x08005b9c                osDelay
 *fill*         0x08005bd2        0x2 
 .text.vApplicationGetIdleTaskMemory
                0x08005bd4       0x34 ./Middlewares/Third_Party/FreeRTOS/Source/CMSIS_RTOS_V2/cmsis_os2.o
                0x08005bd4                vApplicationGetIdleTaskMemory
 .text.vApplicationGetTimerTaskMemory
                0x08005c08       0x34 ./Middlewares/Third_Party/FreeRTOS/Source/CMSIS_RTOS_V2/cmsis_os2.o
                0x08005c08                vApplicationGetTimerTaskMemory
 .text.vListInitialise
                0x08005c3c       0x40 ./Middlewares/Third_Party/FreeRTOS/Source/list.o
                0x08005c3c                vListInitialise
 .text.vListInitialiseItem
                0x08005c7c       0x1a ./Middlewares/Third_Party/FreeRTOS/Source/list.o
                0x08005c7c                vListInitialiseItem
 .text.vListInsertEnd
                0x08005c96       0x48 ./Middlewares/Third_Party/FreeRTOS/Source/list.o
                0x08005c96                vListInsertEnd
 .text.vListInsert
                0x08005cde       0x72 ./Middlewares/Third_Party/FreeRTOS/Source/list.o
                0x08005cde                vListInsert
 .text.uxListRemove
                0x08005d50       0x54 ./Middlewares/Third_Party/FreeRTOS/Source/list.o
                0x08005d50                uxListRemove
 .text.xQueueGenericReset
                0x08005da4       0xd4 ./Middlewares/Third_Party/FreeRTOS/Source/queue.o
                0x08005da4                xQueueGenericReset
 .text.xQueueGenericCreateStatic
                0x08005e78       0xfa ./Middlewares/Third_Party/FreeRTOS/Source/queue.o
                0x08005e78                xQueueGenericCreateStatic
 .text.prvInitialiseNewQueue
                0x08005f72       0x46 ./Middlewares/Third_Party/FreeRTOS/Source/queue.o
 .text.xQueueGenericSend
                0x08005fb8      0x204 ./Middlewares/Third_Party/FreeRTOS/Source/queue.o
                0x08005fb8                xQueueGenericSend
 .text.xQueueGenericSendFromISR
                0x080061bc      0x13c ./Middlewares/Third_Party/FreeRTOS/Source/queue.o
                0x080061bc                xQueueGenericSendFromISR
 .text.xQueueReceive
                0x080062f8      0x1c4 ./Middlewares/Third_Party/FreeRTOS/Source/queue.o
                0x080062f8                xQueueReceive
 .text.prvCopyDataToQueue
                0x080064bc       0xd4 ./Middlewares/Third_Party/FreeRTOS/Source/queue.o
 .text.prvCopyDataFromQueue
                0x08006590       0x4c ./Middlewares/Third_Party/FreeRTOS/Source/queue.o
 .text.prvUnlockQueue
                0x080065dc       0xa4 ./Middlewares/Third_Party/FreeRTOS/Source/queue.o
 .text.prvIsQueueEmpty
                0x08006680       0x2c ./Middlewares/Third_Party/FreeRTOS/Source/queue.o
 .text.prvIsQueueFull
                0x080066ac       0x30 ./Middlewares/Third_Party/FreeRTOS/Source/queue.o
 .text.vQueueAddToRegistry
                0x080066dc       0x54 ./Middlewares/Third_Party/FreeRTOS/Source/queue.o
                0x080066dc                vQueueAddToRegistry
 .text.vQueueWaitForMessageRestricted
                0x08006730       0x68 ./Middlewares/Third_Party/FreeRTOS/Source/queue.o
                0x08006730                vQueueWaitForMessageRestricted
 .text.xTaskCreateStatic
                0x08006798       0xc0 ./Middlewares/Third_Party/FreeRTOS/Source/tasks.o
                0x08006798                xTaskCreateStatic
 .text.xTaskCreate
                0x08006858       0x8a ./Middlewares/Third_Party/FreeRTOS/Source/tasks.o
                0x08006858                xTaskCreate
 *fill*         0x080068e2        0x2 
 .text.prvInitialiseNewTask
                0x080068e4      0x150 ./Middlewares/Third_Party/FreeRTOS/Source/tasks.o
 .text.prvAddNewTaskToReadyList
                0x08006a34       0xe0 ./Middlewares/Third_Party/FreeRTOS/Source/tasks.o
 .text.vTaskDelayUntil
                0x08006b14      0x100 ./Middlewares/Third_Party/FreeRTOS/Source/tasks.o
                0x08006b14                vTaskDelayUntil
 .text.vTaskDelay
                0x08006c14       0x6c ./Middlewares/Third_Party/FreeRTOS/Source/tasks.o
                0x08006c14                vTaskDelay
 .text.vTaskStartScheduler
                0x08006c80       0xe0 ./Middlewares/Third_Party/FreeRTOS/Source/tasks.o
                0x08006c80                vTaskStartScheduler
 .text.vTaskSuspendAll
                0x08006d60       0x1c ./Middlewares/Third_Party/FreeRTOS/Source/tasks.o
                0x08006d60                vTaskSuspendAll
 .text.xTaskResumeAll
                0x08006d7c      0x13c ./Middlewares/Third_Party/FreeRTOS/Source/tasks.o
                0x08006d7c                xTaskResumeAll
 .text.xTaskGetTickCount
                0x08006eb8       0x20 ./Middlewares/Third_Party/FreeRTOS/Source/tasks.o
                0x08006eb8                xTaskGetTickCount
 .text.xTaskIncrementTick
                0x08006ed8      0x174 ./Middlewares/Third_Party/FreeRTOS/Source/tasks.o
                0x08006ed8                xTaskIncrementTick
 .text.vTaskSwitchContext
                0x0800704c       0xcc ./Middlewares/Third_Party/FreeRTOS/Source/tasks.o
                0x0800704c                vTaskSwitchContext
 .text.vTaskPlaceOnEventList
                0x08007118       0x4c ./Middlewares/Third_Party/FreeRTOS/Source/tasks.o
                0x08007118                vTaskPlaceOnEventList
 .text.vTaskPlaceOnEventListRestricted
                0x08007164       0x58 ./Middlewares/Third_Party/FreeRTOS/Source/tasks.o
                0x08007164                vTaskPlaceOnEventListRestricted
 .text.xTaskRemoveFromEventList
                0x080071bc       0xc8 ./Middlewares/Third_Party/FreeRTOS/Source/tasks.o
                0x080071bc                xTaskRemoveFromEventList
 .text.vTaskInternalSetTimeOutState
                0x08007284       0x2c ./Middlewares/Third_Party/FreeRTOS/Source/tasks.o
                0x08007284                vTaskInternalSetTimeOutState
 .text.xTaskCheckForTimeOut
                0x080072b0       0xc8 ./Middlewares/Third_Party/FreeRTOS/Source/tasks.o
                0x080072b0                xTaskCheckForTimeOut
 .text.vTaskMissedYield
                0x08007378       0x18 ./Middlewares/Third_Party/FreeRTOS/Source/tasks.o
                0x08007378                vTaskMissedYield
 .text.prvIdleTask
                0x08007390       0x30 ./Middlewares/Third_Party/FreeRTOS/Source/tasks.o
 .text.prvInitialiseTaskLists
                0x080073c0       0x80 ./Middlewares/Third_Party/FreeRTOS/Source/tasks.o
 .text.prvCheckTasksWaitingTermination
                0x08007440       0x5c ./Middlewares/Third_Party/FreeRTOS/Source/tasks.o
 .text.prvDeleteTCB
                0x0800749c       0x6a ./Middlewares/Third_Party/FreeRTOS/Source/tasks.o
 *fill*         0x08007506        0x2 
 .text.prvResetNextTaskUnblockTime
                0x08007508       0x40 ./Middlewares/Third_Party/FreeRTOS/Source/tasks.o
 .text.xTaskGetSchedulerState
                0x08007548       0x3c ./Middlewares/Third_Party/FreeRTOS/Source/tasks.o
                0x08007548                xTaskGetSchedulerState
 .text.xTaskPriorityDisinherit
                0x08007584       0xe0 ./Middlewares/Third_Party/FreeRTOS/Source/tasks.o
                0x08007584                xTaskPriorityDisinherit
 .text.prvAddCurrentTaskToDelayedList
                0x08007664       0xa8 ./Middlewares/Third_Party/FreeRTOS/Source/tasks.o
 .text.xTimerCreateTimerTask
                0x0800770c       0x94 ./Middlewares/Third_Party/FreeRTOS/Source/timers.o
                0x0800770c                xTimerCreateTimerTask
 .text.xTimerGenericCommand
                0x080077a0       0x9c ./Middlewares/Third_Party/FreeRTOS/Source/timers.o
                0x080077a0                xTimerGenericCommand
 .text.prvProcessExpiredTimer
                0x0800783c       0x9c ./Middlewares/Third_Party/FreeRTOS/Source/timers.o
 .text.prvTimerTask
                0x080078d8       0x26 ./Middlewares/Third_Party/FreeRTOS/Source/timers.o
 *fill*         0x080078fe        0x2 
 .text.prvProcessTimerOrBlockTask
                0x08007900       0x9c ./Middlewares/Third_Party/FreeRTOS/Source/timers.o
 .text.prvGetNextExpireTime
                0x0800799c       0x48 ./Middlewares/Third_Party/FreeRTOS/Source/timers.o
 .text.prvSampleTimeNow
                0x080079e4       0x40 ./Middlewares/Third_Party/FreeRTOS/Source/timers.o
 .text.prvInsertTimerInActiveList
                0x08007a24       0x84 ./Middlewares/Third_Party/FreeRTOS/Source/timers.o
 .text.prvProcessReceivedCommands
                0x08007aa8      0x1cc ./Middlewares/Third_Party/FreeRTOS/Source/timers.o
 .text.prvSwitchTimerLists
                0x08007c74       0xcc ./Middlewares/Third_Party/FreeRTOS/Source/timers.o
 .text.prvCheckForValidListAndQueue
                0x08007d40       0x80 ./Middlewares/Third_Party/FreeRTOS/Source/timers.o
 .text.pxPortInitialiseStack
                0x08007dc0       0x68 ./Middlewares/Third_Party/FreeRTOS/Source/portable/GCC/ARM_CM4F/port.o
                0x08007dc0                pxPortInitialiseStack
 .text.prvTaskExitError
                0x08007e28       0x5c ./Middlewares/Third_Party/FreeRTOS/Source/portable/GCC/ARM_CM4F/port.o
 *fill*         0x08007e84        0xc 
 .text.SVC_Handler
                0x08007e90       0x28 ./Middlewares/Third_Party/FreeRTOS/Source/portable/GCC/ARM_CM4F/port.o
                0x08007e90                SVC_Handler
 .text.prvPortStartFirstTask
                0x08007eb8       0x28 ./Middlewares/Third_Party/FreeRTOS/Source/portable/GCC/ARM_CM4F/port.o
 .text.xPortStartScheduler
                0x08007ee0      0x148 ./Middlewares/Third_Party/FreeRTOS/Source/portable/GCC/ARM_CM4F/port.o
                0x08007ee0                xPortStartScheduler
 .text.vPortEnterCritical
                0x08008028       0x64 ./Middlewares/Third_Party/FreeRTOS/Source/portable/GCC/ARM_CM4F/port.o
                0x08008028                vPortEnterCritical
 .text.vPortExitCritical
                0x0800808c       0x54 ./Middlewares/Third_Party/FreeRTOS/Source/portable/GCC/ARM_CM4F/port.o
                0x0800808c                vPortExitCritical
 .text.PendSV_Handler
                0x080080e0       0x68 ./Middlewares/Third_Party/FreeRTOS/Source/portable/GCC/ARM_CM4F/port.o
                0x080080e0                PendSV_Handler
 .text.xPortSysTickHandler
                0x08008148       0x44 ./Middlewares/Third_Party/FreeRTOS/Source/portable/GCC/ARM_CM4F/port.o
                0x08008148                xPortSysTickHandler
 .text.vPortSetupTimerInterrupt
                0x0800818c       0x48 ./Middlewares/Third_Party/FreeRTOS/Source/portable/GCC/ARM_CM4F/port.o
                0x0800818c                vPortSetupTimerInterrupt
 .text.vPortEnableVFP
                0x080081d4       0x14 ./Middlewares/Third_Party/FreeRTOS/Source/portable/GCC/ARM_CM4F/port.o
 .text.vPortValidateInterruptPriority
                0x080081e8       0x84 ./Middlewares/Third_Party/FreeRTOS/Source/portable/GCC/ARM_CM4F/port.o
                0x080081e8                vPortValidateInterruptPriority
 .text.pvPortMalloc
                0x0800826c      0x19c ./Middlewares/Third_Party/FreeRTOS/Source/portable/MemMang/heap_4.o
                0x0800826c                pvPortMalloc
 .text.vPortFree
                0x08008408       0xc8 ./Middlewares/Third_Party/FreeRTOS/Source/portable/MemMang/heap_4.o
                0x08008408                vPortFree
 .text.prvHeapInit
                0x080084d0       0xc4 ./Middlewares/Third_Party/FreeRTOS/Source/portable/MemMang/heap_4.o
 .text.prvInsertBlockIntoFreeList
                0x08008594       0xb4 ./Middlewares/Third_Party/FreeRTOS/Source/portable/MemMang/heap_4.o
 .text.memset   0x08008648       0x10 /Applications/STM32CubeIDE.app/Contents/Eclipse/plugins/com.st.stm32cube.ide.mcu.externaltools.gnu-tools-for-stm32.13.3.rel1.macos64_1.0.0.202411102158/tools/bin/../lib/gcc/arm-none-eabi/13.3.1/../../../../arm-none-eabi/lib/thumb/v7e-m+fp/hard/libc_nano.a(libc_a-memset.o)
                0x08008648                memset
 .text.__libc_init_array
                0x08008658       0x48 /Applications/STM32CubeIDE.app/Contents/Eclipse/plugins/com.st.stm32cube.ide.mcu.externaltools.gnu-tools-for-stm32.13.3.rel1.macos64_1.0.0.202411102158/tools/bin/../lib/gcc/arm-none-eabi/13.3.1/../../../../arm-none-eabi/lib/thumb/v7e-m+fp/hard/libc_nano.a(libc_a-init.o)
                0x08008658                __libc_init_array
 .text.__retarget_lock_acquire_recursive
                0x080086a0        0x2 /Applications/STM32CubeIDE.app/Contents/Eclipse/plugins/com.st.stm32cube.ide.mcu.externaltools.gnu-tools-for-stm32.13.3.rel1.macos64_1.0.0.202411102158/tools/bin/../lib/gcc/arm-none-eabi/13.3.1/../../../../arm-none-eabi/lib/thumb/v7e-m+fp/hard/libc_nano.a(libc_a-lock.o)
                0x080086a0                __retarget_lock_acquire_recursive
 .text.__retarget_lock_release_recursive
                0x080086a2        0x2 /Applications/STM32CubeIDE.app/Contents/Eclipse/plugins/com.st.stm32cube.ide.mcu.externaltools.gnu-tools-for-stm32.13.3.rel1.macos64_1.0.0.202411102158/tools/bin/../lib/gcc/arm-none-eabi/13.3.1/../../../../arm-none-eabi/lib/thumb/v7e-m+fp/hard/libc_nano.a(libc_a-lock.o)
                0x080086a2                __retarget_lock_release_recursive
 .text._reclaim_reent
                0x080086a4       0xbc /Applications/STM32CubeIDE.app/Contents/Eclipse/plugins/com.st.stm32cube.ide.mcu.externaltools.gnu-tools-for-stm32.13.3.rel1.macos64_1.0.0.202411102158/tools/bin/../lib/gcc/arm-none-eabi/13.3.1/../../../../arm-none-eabi/lib/thumb/v7e-m+fp/hard/libc_nano.a(libc_a-reent.o)
                0x080086a4                _reclaim_reent
 .text.memcpy   0x08008760       0x1c /Applications/STM32CubeIDE.app/Contents/Eclipse/plugins/com.st.stm32cube.ide.mcu.externaltools.gnu-tools-for-stm32.13.3.rel1.macos64_1.0.0.202411102158/tools/bin/../lib/gcc/arm-none-eabi/13.3.1/../../../../arm-none-eabi/lib/thumb/v7e-m+fp/hard/libc_nano.a(libc_a-memcpy-stub.o)
                0x08008760                memcpy
 .text._free_r  0x0800877c       0x94 /Applications/STM32CubeIDE.app/Contents/Eclipse/plugins/com.st.stm32cube.ide.mcu.externaltools.gnu-tools-for-stm32.13.3.rel1.macos64_1.0.0.202411102158/tools/bin/../lib/gcc/arm-none-eabi/13.3.1/../../../../arm-none-eabi/lib/thumb/v7e-m+fp/hard/libc_nano.a(libc_a-freer.o)
                0x0800877c                _free_r
 .text.__malloc_lock
                0x08008810        0xc /Applications/STM32CubeIDE.app/Contents/Eclipse/plugins/com.st.stm32cube.ide.mcu.externaltools.gnu-tools-for-stm32.13.3.rel1.macos64_1.0.0.202411102158/tools/bin/../lib/gcc/arm-none-eabi/13.3.1/../../../../arm-none-eabi/lib/thumb/v7e-m+fp/hard/libc_nano.a(libc_a-mlock.o)
                0x08008810                __malloc_lock
 .text.__malloc_unlock
                0x0800881c        0xc /Applications/STM32CubeIDE.app/Contents/Eclipse/plugins/com.st.stm32cube.ide.mcu.externaltools.gnu-tools-for-stm32.13.3.rel1.macos64_1.0.0.202411102158/tools/bin/../lib/gcc/arm-none-eabi/13.3.1/../../../../arm-none-eabi/lib/thumb/v7e-m+fp/hard/libc_nano.a(libc_a-mlock.o)
                0x0800881c                __malloc_unlock
 *(.glue_7)
 .glue_7        0x08008828        0x0 linker stubs
 *(.glue_7t)
 .glue_7t       0x08008828        0x0 linker stubs
 *(.eh_frame)
 .eh_frame      0x08008828        0x0 /Applications/STM32CubeIDE.app/Contents/Eclipse/plugins/com.st.stm32cube.ide.mcu.externaltools.gnu-tools-for-stm32.13.3.rel1.macos64_1.0.0.202411102158/tools/bin/../lib/gcc/arm-none-eabi/13.3.1/thumb/v7e-m+fp/hard/crtbegin.o
 *(.init)
 .init          0x08008828        0x4 /Applications/STM32CubeIDE.app/Contents/Eclipse/plugins/com.st.stm32cube.ide.mcu.externaltools.gnu-tools-for-stm32.13.3.rel1.macos64_1.0.0.202411102158/tools/bin/../lib/gcc/arm-none-eabi/13.3.1/thumb/v7e-m+fp/hard/crti.o
                0x08008828                _init
 .init          0x0800882c        0x8 /Applications/STM32CubeIDE.app/Contents/Eclipse/plugins/com.st.stm32cube.ide.mcu.externaltools.gnu-tools-for-stm32.13.3.rel1.macos64_1.0.0.202411102158/tools/bin/../lib/gcc/arm-none-eabi/13.3.1/thumb/v7e-m+fp/hard/crtn.o
 *(.fini)
 .fini          0x08008834        0x4 /Applications/STM32CubeIDE.app/Contents/Eclipse/plugins/com.st.stm32cube.ide.mcu.externaltools.gnu-tools-for-stm32.13.3.rel1.macos64_1.0.0.202411102158/tools/bin/../lib/gcc/arm-none-eabi/13.3.1/thumb/v7e-m+fp/hard/crti.o
                0x08008834                _fini
 .fini          0x08008838        0x8 /Applications/STM32CubeIDE.app/Contents/Eclipse/plugins/com.st.stm32cube.ide.mcu.externaltools.gnu-tools-for-stm32.13.3.rel1.macos64_1.0.0.202411102158/tools/bin/../lib/gcc/arm-none-eabi/13.3.1/thumb/v7e-m+fp/hard/crtn.o
                0x08008840                        . = ALIGN (0x4)
                0x08008840                        _etext = .

.vfp11_veneer   0x08008840        0x0
 .vfp11_veneer  0x08008840        0x0 linker stubs

.v4_bx          0x08008840        0x0
 .v4_bx         0x08008840        0x0 linker stubs

.iplt           0x08008840        0x0
 .iplt          0x08008840        0x0 /Applications/STM32CubeIDE.app/Contents/Eclipse/plugins/com.st.stm32cube.ide.mcu.externaltools.gnu-tools-for-stm32.13.3.rel1.macos64_1.0.0.202411102158/tools/bin/../lib/gcc/arm-none-eabi/13.3.1/thumb/v7e-m+fp/hard/crtbegin.o

.rodata         0x08008840      0x120
                0x08008840                        . = ALIGN (0x4)
 *(.rodata)
 .rodata        0x08008840       0x2e ./Core/Src/freertos.o
 *fill*         0x0800886e        0x2 
 .rodata        0x08008870        0x5 ./Middlewares/Third_Party/FreeRTOS/Source/tasks.o
 *fill*         0x08008875        0x3 
 .rodata        0x08008878        0xd ./Middlewares/Third_Party/FreeRTOS/Source/timers.o
 *(.rodata*)
 *fill*         0x08008885        0x3 
 .rodata.defaultTask_attributes
                0x08008888       0x24 ./Core/Src/freertos.o
                0x08008888                defaultTask_attributes
 .rodata.Blink1Task_attributes
                0x080088ac       0x24 ./Core/Src/freertos.o
                0x080088ac                Blink1Task_attributes
 .rodata.Blink2Task_attributes
                0x080088d0       0x24 ./Core/Src/freertos.o
                0x080088d0                Blink2Task_attributes
 .rodata.TriggTask_attributes
                0x080088f4       0x24 ./Core/Src/freertos.o
                0x080088f4                TriggTask_attributes
 .rodata.AHBPrescTable
                0x08008918       0x10 ./Core/Src/system_stm32l4xx.o
                0x08008918                AHBPrescTable
 .rodata.APBPrescTable
                0x08008928        0x8 ./Core/Src/system_stm32l4xx.o
                0x08008928                APBPrescTable
 .rodata.MSIRangeTable
                0x08008930       0x30 ./Core/Src/system_stm32l4xx.o
                0x08008930                MSIRangeTable
                0x08008960                        . = ALIGN (0x4)

.ARM.extab      0x08008960        0x0
                0x08008960                        . = ALIGN (0x4)
 *(.ARM.extab* .gnu.linkonce.armextab.*)
                0x08008960                        . = ALIGN (0x4)

.ARM            0x08008960        0x8
                0x08008960                        . = ALIGN (0x4)
                0x08008960                        __exidx_start = .
 *(.ARM.exidx*)
 .ARM.exidx     0x08008960        0x8 /Applications/STM32CubeIDE.app/Contents/Eclipse/plugins/com.st.stm32cube.ide.mcu.externaltools.gnu-tools-for-stm32.13.3.rel1.macos64_1.0.0.202411102158/tools/bin/../lib/gcc/arm-none-eabi/13.3.1/thumb/v7e-m+fp/hard/libgcc.a(_udivmoddi4.o)
                0x08008968                        __exidx_end = .
                0x08008968                        . = ALIGN (0x4)

.preinit_array  0x08008968        0x0
                0x08008968                        . = ALIGN (0x4)
                0x08008968                        PROVIDE (__preinit_array_start = .)
 *(.preinit_array*)
                0x08008968                        PROVIDE (__preinit_array_end = .)
                0x08008968                        . = ALIGN (0x4)

.init_array     0x08008968        0x4
                0x08008968                        . = ALIGN (0x4)
                0x08008968                        PROVIDE (__init_array_start = .)
 *(SORT_BY_NAME(.init_array.*))
 *(.init_array*)
 .init_array    0x08008968        0x4 /Applications/STM32CubeIDE.app/Contents/Eclipse/plugins/com.st.stm32cube.ide.mcu.externaltools.gnu-tools-for-stm32.13.3.rel1.macos64_1.0.0.202411102158/tools/bin/../lib/gcc/arm-none-eabi/13.3.1/thumb/v7e-m+fp/hard/crtbegin.o
                0x0800896c                        PROVIDE (__init_array_end = .)
                0x0800896c                        . = ALIGN (0x4)

.fini_array     0x0800896c        0x4
                0x0800896c                        . = ALIGN (0x4)
                [!provide]                        PROVIDE (__fini_array_start = .)
 *(SORT_BY_NAME(.fini_array.*))
 *(.fini_array*)
 .fini_array    0x0800896c        0x4 /Applications/STM32CubeIDE.app/Contents/Eclipse/plugins/com.st.stm32cube.ide.mcu.externaltools.gnu-tools-for-stm32.13.3.rel1.macos64_1.0.0.202411102158/tools/bin/../lib/gcc/arm-none-eabi/13.3.1/thumb/v7e-m+fp/hard/crtbegin.o
                [!provide]                        PROVIDE (__fini_array_end = .)
                0x08008970                        . = ALIGN (0x4)
                0x08008970                        _sidata = LOADADDR (.data)

.rel.dyn        0x08008970        0x0
 .rel.iplt      0x08008970        0x0 /Applications/STM32CubeIDE.app/Contents/Eclipse/plugins/com.st.stm32cube.ide.mcu.externaltools.gnu-tools-for-stm32.13.3.rel1.macos64_1.0.0.202411102158/tools/bin/../lib/gcc/arm-none-eabi/13.3.1/thumb/v7e-m+fp/hard/crtbegin.o

.data           0x20000000       0x90 load address 0x08008970
                0x20000000                        . = ALIGN (0x4)
                0x20000000                        _sdata = .
 *(.data)
 *(.data*)
 .data.txbuffer
                0x20000000        0x3 ./Core/Src/freertos.o
                0x20000000                txbuffer
 *fill*         0x20000003        0x1 
 .data.RED      0x20000004        0x3 ./Core/Src/freertos.o
                0x20000004                RED
 *fill*         0x20000007        0x1 
 .data.YELLOW   0x20000008        0x3 ./Core/Src/freertos.o
                0x20000008                YELLOW
 *fill*         0x2000000b        0x1 
 .data.GREEN    0x2000000c        0x3 ./Core/Src/freertos.o
                0x2000000c                GREEN
 *fill*         0x2000000f        0x1 
 .data.TL1_Yellow
                0x20000010        0x4 ./Core/Src/freertos.o
                0x20000010                TL1_Yellow
 .data.PL1_Red  0x20000014        0x4 ./Core/Src/freertos.o
                0x20000014                PL1_Red
 .data.PL1_Green
                0x20000018        0x4 ./Core/Src/freertos.o
                0x20000018                PL1_Green
 .data.PL1_Blue
                0x2000001c        0x4 ./Core/Src/freertos.o
                0x2000001c                PL1_Blue
 .data.PL2_Red  0x20000020        0x4 ./Core/Src/freertos.o
                0x20000020                PL2_Red
 .data.PL2_Green
                0x20000024        0x4 ./Core/Src/freertos.o
                0x20000024                PL2_Green
 .data.PL2_Blue
                0x20000028        0x4 ./Core/Src/freertos.o
                0x20000028                PL2_Blue
 .data.TL3_Yellow
                0x2000002c        0x4 ./Core/Src/freertos.o
                0x2000002c                TL3_Yellow
 .data.SystemCoreClock
                0x20000030        0x4 ./Core/Src/system_stm32l4xx.o
                0x20000030                SystemCoreClock
 .data.uwTickPrio
                0x20000034        0x4 ./Drivers/STM32L4xx_HAL_Driver/Src/stm32l4xx_hal.o
                0x20000034                uwTickPrio
 .data.uwTickFreq
                0x20000038        0x1 ./Drivers/STM32L4xx_HAL_Driver/Src/stm32l4xx_hal.o
                0x20000038                uwTickFreq
 *fill*         0x20000039        0x3 
 .data.uxCriticalNesting
                0x2000003c        0x4 ./Middlewares/Third_Party/FreeRTOS/Source/portable/GCC/ARM_CM4F/port.o
 .data._impure_ptr
                0x20000040        0x4 /Applications/STM32CubeIDE.app/Contents/Eclipse/plugins/com.st.stm32cube.ide.mcu.externaltools.gnu-tools-for-stm32.13.3.rel1.macos64_1.0.0.202411102158/tools/bin/../lib/gcc/arm-none-eabi/13.3.1/../../../../arm-none-eabi/lib/thumb/v7e-m+fp/hard/libc_nano.a(libc_a-impure.o)
                0x20000040                _impure_ptr
 .data._impure_data
                0x20000044       0x4c /Applications/STM32CubeIDE.app/Contents/Eclipse/plugins/com.st.stm32cube.ide.mcu.externaltools.gnu-tools-for-stm32.13.3.rel1.macos64_1.0.0.202411102158/tools/bin/../lib/gcc/arm-none-eabi/13.3.1/../../../../arm-none-eabi/lib/thumb/v7e-m+fp/hard/libc_nano.a(libc_a-impure.o)
                0x20000044                _impure_data
 *(.RamFunc)
 *(.RamFunc*)
                0x20000090                        . = ALIGN (0x4)
                0x20000090                        _edata = .

.igot.plt       0x20000090        0x0 load address 0x08008a00
 .igot.plt      0x20000090        0x0 /Applications/STM32CubeIDE.app/Contents/Eclipse/plugins/com.st.stm32cube.ide.mcu.externaltools.gnu-tools-for-stm32.13.3.rel1.macos64_1.0.0.202411102158/tools/bin/../lib/gcc/arm-none-eabi/13.3.1/thumb/v7e-m+fp/hard/crtbegin.o
                0x20000090                        . = ALIGN (0x4)

.bss            0x20000090     0x1d60 load address 0x08008a00
                0x20000090                        _sbss = .
                0x20000090                        __bss_start__ = _sbss
 *(.bss)
 .bss           0x20000090       0x1c /Applications/STM32CubeIDE.app/Contents/Eclipse/plugins/com.st.stm32cube.ide.mcu.externaltools.gnu-tools-for-stm32.13.3.rel1.macos64_1.0.0.202411102158/tools/bin/../lib/gcc/arm-none-eabi/13.3.1/thumb/v7e-m+fp/hard/crtbegin.o
 *(.bss*)
 .bss.hadc1     0x200000ac       0x64 ./Core/Src/adc.o
                0x200000ac                hadc1
 .bss.varBlink2
                0x20000110        0x1 ./Core/Src/freertos.o
                0x20000110                varBlink2
 *fill*         0x20000111        0x3 
 .bss.defaultTaskHandle
                0x20000114        0x4 ./Core/Src/freertos.o
                0x20000114                defaultTaskHandle
 .bss.Blink1TaskHandle
                0x20000118        0x4 ./Core/Src/freertos.o
                0x20000118                Blink1TaskHandle
 .bss.Blink2TaskHandle
                0x2000011c        0x4 ./Core/Src/freertos.o
                0x2000011c                Blink2TaskHandle
 .bss.TriggTaskHandle
                0x20000120        0x4 ./Core/Src/freertos.o
                0x20000120                TriggTaskHandle
 .bss.hspi2     0x20000124       0x64 ./Core/Src/spi.o
                0x20000124                hspi2
 .bss.hspi3     0x20000188       0x64 ./Core/Src/spi.o
                0x20000188                hspi3
 .bss.htim1     0x200001ec       0x4c ./Core/Src/stm32l4xx_hal_timebase_tim.o
                0x200001ec                htim1
 .bss.htim8     0x20000238       0x4c ./Core/Src/tim.o
                0x20000238                htim8
 .bss.huart2    0x20000284       0x88 ./Core/Src/usart.o
                0x20000284                huart2
 .bss.uwTick    0x2000030c        0x4 ./Drivers/STM32L4xx_HAL_Driver/Src/stm32l4xx_hal.o
                0x2000030c                uwTick
 .bss.KernelState
                0x20000310        0x4 ./Middlewares/Third_Party/FreeRTOS/Source/CMSIS_RTOS_V2/cmsis_os2.o
 .bss.Idle_TCB.3
                0x20000314       0xa8 ./Middlewares/Third_Party/FreeRTOS/Source/CMSIS_RTOS_V2/cmsis_os2.o
 .bss.Idle_Stack.2
                0x200003bc      0x200 ./Middlewares/Third_Party/FreeRTOS/Source/CMSIS_RTOS_V2/cmsis_os2.o
 .bss.Timer_TCB.1
                0x200005bc       0xa8 ./Middlewares/Third_Party/FreeRTOS/Source/CMSIS_RTOS_V2/cmsis_os2.o
 .bss.Timer_Stack.0
                0x20000664      0x400 ./Middlewares/Third_Party/FreeRTOS/Source/CMSIS_RTOS_V2/cmsis_os2.o
 .bss.xQueueRegistry
                0x20000a64       0x40 ./Middlewares/Third_Party/FreeRTOS/Source/queue.o
                0x20000a64                xQueueRegistry
 .bss.pxCurrentTCB
                0x20000aa4        0x4 ./Middlewares/Third_Party/FreeRTOS/Source/tasks.o
                0x20000aa4                pxCurrentTCB
 .bss.pxReadyTasksLists
                0x20000aa8      0x460 ./Middlewares/Third_Party/FreeRTOS/Source/tasks.o
 .bss.xDelayedTaskList1
                0x20000f08       0x14 ./Middlewares/Third_Party/FreeRTOS/Source/tasks.o
 .bss.xDelayedTaskList2
                0x20000f1c       0x14 ./Middlewares/Third_Party/FreeRTOS/Source/tasks.o
 .bss.pxDelayedTaskList
                0x20000f30        0x4 ./Middlewares/Third_Party/FreeRTOS/Source/tasks.o
 .bss.pxOverflowDelayedTaskList
                0x20000f34        0x4 ./Middlewares/Third_Party/FreeRTOS/Source/tasks.o
 .bss.xPendingReadyList
                0x20000f38       0x14 ./Middlewares/Third_Party/FreeRTOS/Source/tasks.o
 .bss.xTasksWaitingTermination
                0x20000f4c       0x14 ./Middlewares/Third_Party/FreeRTOS/Source/tasks.o
 .bss.uxDeletedTasksWaitingCleanUp
                0x20000f60        0x4 ./Middlewares/Third_Party/FreeRTOS/Source/tasks.o
 .bss.xSuspendedTaskList
                0x20000f64       0x14 ./Middlewares/Third_Party/FreeRTOS/Source/tasks.o
 .bss.uxCurrentNumberOfTasks
                0x20000f78        0x4 ./Middlewares/Third_Party/FreeRTOS/Source/tasks.o
 .bss.xTickCount
                0x20000f7c        0x4 ./Middlewares/Third_Party/FreeRTOS/Source/tasks.o
 .bss.uxTopReadyPriority
                0x20000f80        0x4 ./Middlewares/Third_Party/FreeRTOS/Source/tasks.o
 .bss.xSchedulerRunning
                0x20000f84        0x4 ./Middlewares/Third_Party/FreeRTOS/Source/tasks.o
 .bss.xPendedTicks
                0x20000f88        0x4 ./Middlewares/Third_Party/FreeRTOS/Source/tasks.o
 .bss.xYieldPending
                0x20000f8c        0x4 ./Middlewares/Third_Party/FreeRTOS/Source/tasks.o
 .bss.xNumOfOverflows
                0x20000f90        0x4 ./Middlewares/Third_Party/FreeRTOS/Source/tasks.o
 .bss.uxTaskNumber
                0x20000f94        0x4 ./Middlewares/Third_Party/FreeRTOS/Source/tasks.o
 .bss.xNextTaskUnblockTime
                0x20000f98        0x4 ./Middlewares/Third_Party/FreeRTOS/Source/tasks.o
 .bss.xIdleTaskHandle
                0x20000f9c        0x4 ./Middlewares/Third_Party/FreeRTOS/Source/tasks.o
 .bss.uxSchedulerSuspended
                0x20000fa0        0x4 ./Middlewares/Third_Party/FreeRTOS/Source/tasks.o
 .bss.xActiveTimerList1
                0x20000fa4       0x14 ./Middlewares/Third_Party/FreeRTOS/Source/timers.o
 .bss.xActiveTimerList2
                0x20000fb8       0x14 ./Middlewares/Third_Party/FreeRTOS/Source/timers.o
 .bss.pxCurrentTimerList
                0x20000fcc        0x4 ./Middlewares/Third_Party/FreeRTOS/Source/timers.o
 .bss.pxOverflowTimerList
                0x20000fd0        0x4 ./Middlewares/Third_Party/FreeRTOS/Source/timers.o
 .bss.xTimerQueue
                0x20000fd4        0x4 ./Middlewares/Third_Party/FreeRTOS/Source/timers.o
 .bss.xTimerTaskHandle
                0x20000fd8        0x4 ./Middlewares/Third_Party/FreeRTOS/Source/timers.o
 .bss.xLastTime.2
                0x20000fdc        0x4 ./Middlewares/Third_Party/FreeRTOS/Source/timers.o
 .bss.ucStaticTimerQueueStorage.1
                0x20000fe0       0xa0 ./Middlewares/Third_Party/FreeRTOS/Source/timers.o
 .bss.xStaticTimerQueue.0
                0x20001080       0x50 ./Middlewares/Third_Party/FreeRTOS/Source/timers.o
 .bss.ucMaxSysCallPriority
                0x200010d0        0x1 ./Middlewares/Third_Party/FreeRTOS/Source/portable/GCC/ARM_CM4F/port.o
 *fill*         0x200010d1        0x3 
 .bss.ulMaxPRIGROUPValue
                0x200010d4        0x4 ./Middlewares/Third_Party/FreeRTOS/Source/portable/GCC/ARM_CM4F/port.o
 .bss.ucHeap    0x200010d8      0xbb8 ./Middlewares/Third_Party/FreeRTOS/Source/portable/MemMang/heap_4.o
 .bss.xStart    0x20001c90        0x8 ./Middlewares/Third_Party/FreeRTOS/Source/portable/MemMang/heap_4.o
 .bss.pxEnd     0x20001c98        0x4 ./Middlewares/Third_Party/FreeRTOS/Source/portable/MemMang/heap_4.o
 .bss.xFreeBytesRemaining
                0x20001c9c        0x4 ./Middlewares/Third_Party/FreeRTOS/Source/portable/MemMang/heap_4.o
 .bss.xMinimumEverFreeBytesRemaining
                0x20001ca0        0x4 ./Middlewares/Third_Party/FreeRTOS/Source/portable/MemMang/heap_4.o
 .bss.xNumberOfSuccessfulAllocations
                0x20001ca4        0x4 ./Middlewares/Third_Party/FreeRTOS/Source/portable/MemMang/heap_4.o
 .bss.xNumberOfSuccessfulFrees
                0x20001ca8        0x4 ./Middlewares/Third_Party/FreeRTOS/Source/portable/MemMang/heap_4.o
 .bss.xBlockAllocatedBit
                0x20001cac        0x4 ./Middlewares/Third_Party/FreeRTOS/Source/portable/MemMang/heap_4.o
 .bss.__sf      0x20001cb0      0x138 /Applications/STM32CubeIDE.app/Contents/Eclipse/plugins/com.st.stm32cube.ide.mcu.externaltools.gnu-tools-for-stm32.13.3.rel1.macos64_1.0.0.202411102158/tools/bin/../lib/gcc/arm-none-eabi/13.3.1/../../../../arm-none-eabi/lib/thumb/v7e-m+fp/hard/libc_nano.a(libc_a-findfp.o)
                0x20001cb0                __sf
 .bss.__lock___malloc_recursive_mutex
                0x20001de8        0x1 /Applications/STM32CubeIDE.app/Contents/Eclipse/plugins/com.st.stm32cube.ide.mcu.externaltools.gnu-tools-for-stm32.13.3.rel1.macos64_1.0.0.202411102158/tools/bin/../lib/gcc/arm-none-eabi/13.3.1/../../../../arm-none-eabi/lib/thumb/v7e-m+fp/hard/libc_nano.a(libc_a-lock.o)
                0x20001de8                __lock___malloc_recursive_mutex
 *fill*         0x20001de9        0x3 
 .bss.__malloc_free_list
                0x20001dec        0x4 /Applications/STM32CubeIDE.app/Contents/Eclipse/plugins/com.st.stm32cube.ide.mcu.externaltools.gnu-tools-for-stm32.13.3.rel1.macos64_1.0.0.202411102158/tools/bin/../lib/gcc/arm-none-eabi/13.3.1/../../../../arm-none-eabi/lib/thumb/v7e-m+fp/hard/libc_nano.a(libc_a-mallocr.o)
                0x20001dec                __malloc_free_list
 *(COMMON)
                0x20001df0                        . = ALIGN (0x4)
                0x20001df0                        _ebss = .
                0x20001df0                        __bss_end__ = _ebss

._user_heap_stack
                0x20001df0      0x600 load address 0x08008a00
                0x20001df0                        . = ALIGN (0x8)
                [!provide]                        PROVIDE (end = .)
                0x20001df0                        PROVIDE (_end = .)
                0x20001ff0                        . = (. + _Min_Heap_Size)
 *fill*         0x20001df0      0x200 
                0x200023f0                        . = (. + _Min_Stack_Size)
 *fill*         0x20001ff0      0x400 
                0x200023f0                        . = ALIGN (0x8)

/DISCARD/
 libc.a(*)
 libm.a(*)
 libgcc.a(*)

.ARM.attributes
                0x00000000       0x30
 *(.ARM.attributes)
 .ARM.attributes
                0x00000000       0x22 /Applications/STM32CubeIDE.app/Contents/Eclipse/plugins/com.st.stm32cube.ide.mcu.externaltools.gnu-tools-for-stm32.13.3.rel1.macos64_1.0.0.202411102158/tools/bin/../lib/gcc/arm-none-eabi/13.3.1/thumb/v7e-m+fp/hard/crti.o
 .ARM.attributes
                0x00000022       0x34 /Applications/STM32CubeIDE.app/Contents/Eclipse/plugins/com.st.stm32cube.ide.mcu.externaltools.gnu-tools-for-stm32.13.3.rel1.macos64_1.0.0.202411102158/tools/bin/../lib/gcc/arm-none-eabi/13.3.1/thumb/v7e-m+fp/hard/crtbegin.o
 .ARM.attributes
                0x00000056       0x34 ./Core/Src/adc.o
 .ARM.attributes
                0x0000008a       0x34 ./Core/Src/freertos.o
 .ARM.attributes
                0x000000be       0x34 ./Core/Src/gpio.o
 .ARM.attributes
                0x000000f2       0x34 ./Core/Src/main.o
 .ARM.attributes
                0x00000126       0x34 ./Core/Src/spi.o
 .ARM.attributes
                0x0000015a       0x34 ./Core/Src/stm32l4xx_hal_msp.o
 .ARM.attributes
                0x0000018e       0x34 ./Core/Src/stm32l4xx_hal_timebase_tim.o
 .ARM.attributes
                0x000001c2       0x34 ./Core/Src/stm32l4xx_it.o
 .ARM.attributes
                0x000001f6       0x34 ./Core/Src/system_stm32l4xx.o
 .ARM.attributes
                0x0000022a       0x34 ./Core/Src/tim.o
 .ARM.attributes
                0x0000025e       0x34 ./Core/Src/usart.o
 .ARM.attributes
                0x00000292       0x21 ./Core/Startup/startup_stm32l476rgtx.o
 .ARM.attributes
                0x000002b3       0x34 ./Drivers/STM32L4xx_HAL_Driver/Src/stm32l4xx_hal.o
 .ARM.attributes
                0x000002e7       0x34 ./Drivers/STM32L4xx_HAL_Driver/Src/stm32l4xx_hal_adc.o
 .ARM.attributes
                0x0000031b       0x34 ./Drivers/STM32L4xx_HAL_Driver/Src/stm32l4xx_hal_adc_ex.o
 .ARM.attributes
                0x0000034f       0x34 ./Drivers/STM32L4xx_HAL_Driver/Src/stm32l4xx_hal_cortex.o
 .ARM.attributes
                0x00000383       0x34 ./Drivers/STM32L4xx_HAL_Driver/Src/stm32l4xx_hal_gpio.o
 .ARM.attributes
                0x000003b7       0x34 ./Drivers/STM32L4xx_HAL_Driver/Src/stm32l4xx_hal_pwr_ex.o
 .ARM.attributes
                0x000003eb       0x34 ./Drivers/STM32L4xx_HAL_Driver/Src/stm32l4xx_hal_rcc.o
 .ARM.attributes
                0x0000041f       0x34 ./Drivers/STM32L4xx_HAL_Driver/Src/stm32l4xx_hal_rcc_ex.o
 .ARM.attributes
                0x00000453       0x34 ./Drivers/STM32L4xx_HAL_Driver/Src/stm32l4xx_hal_spi.o
 .ARM.attributes
                0x00000487       0x34 ./Drivers/STM32L4xx_HAL_Driver/Src/stm32l4xx_hal_tim.o
 .ARM.attributes
                0x000004bb       0x34 ./Drivers/STM32L4xx_HAL_Driver/Src/stm32l4xx_hal_tim_ex.o
 .ARM.attributes
                0x000004ef       0x34 ./Drivers/STM32L4xx_HAL_Driver/Src/stm32l4xx_hal_uart.o
 .ARM.attributes
                0x00000523       0x34 ./Middlewares/Third_Party/FreeRTOS/Source/CMSIS_RTOS_V2/cmsis_os2.o
 .ARM.attributes
                0x00000557       0x34 ./Middlewares/Third_Party/FreeRTOS/Source/list.o
 .ARM.attributes
                0x0000058b       0x34 ./Middlewares/Third_Party/FreeRTOS/Source/queue.o
 .ARM.attributes
                0x000005bf       0x34 ./Middlewares/Third_Party/FreeRTOS/Source/tasks.o
 .ARM.attributes
                0x000005f3       0x34 ./Middlewares/Third_Party/FreeRTOS/Source/timers.o
 .ARM.attributes
                0x00000627       0x34 ./Middlewares/Third_Party/FreeRTOS/Source/portable/GCC/ARM_CM4F/port.o
 .ARM.attributes
                0x0000065b       0x34 ./Middlewares/Third_Party/FreeRTOS/Source/portable/MemMang/heap_4.o
 .ARM.attributes
                0x0000068f       0x34 /Applications/STM32CubeIDE.app/Contents/Eclipse/plugins/com.st.stm32cube.ide.mcu.externaltools.gnu-tools-for-stm32.13.3.rel1.macos64_1.0.0.202411102158/tools/bin/../lib/gcc/arm-none-eabi/13.3.1/../../../../arm-none-eabi/lib/thumb/v7e-m+fp/hard/libc_nano.a(libc_a-findfp.o)
 .ARM.attributes
                0x000006c3       0x34 /Applications/STM32CubeIDE.app/Contents/Eclipse/plugins/com.st.stm32cube.ide.mcu.externaltools.gnu-tools-for-stm32.13.3.rel1.macos64_1.0.0.202411102158/tools/bin/../lib/gcc/arm-none-eabi/13.3.1/../../../../arm-none-eabi/lib/thumb/v7e-m+fp/hard/libc_nano.a(libc_a-memset.o)
 .ARM.attributes
                0x000006f7       0x34 /Applications/STM32CubeIDE.app/Contents/Eclipse/plugins/com.st.stm32cube.ide.mcu.externaltools.gnu-tools-for-stm32.13.3.rel1.macos64_1.0.0.202411102158/tools/bin/../lib/gcc/arm-none-eabi/13.3.1/../../../../arm-none-eabi/lib/thumb/v7e-m+fp/hard/libc_nano.a(libc_a-init.o)
 .ARM.attributes
                0x0000072b       0x34 /Applications/STM32CubeIDE.app/Contents/Eclipse/plugins/com.st.stm32cube.ide.mcu.externaltools.gnu-tools-for-stm32.13.3.rel1.macos64_1.0.0.202411102158/tools/bin/../lib/gcc/arm-none-eabi/13.3.1/../../../../arm-none-eabi/lib/thumb/v7e-m+fp/hard/libc_nano.a(libc_a-lock.o)
 .ARM.attributes
                0x0000075f       0x34 /Applications/STM32CubeIDE.app/Contents/Eclipse/plugins/com.st.stm32cube.ide.mcu.externaltools.gnu-tools-for-stm32.13.3.rel1.macos64_1.0.0.202411102158/tools/bin/../lib/gcc/arm-none-eabi/13.3.1/../../../../arm-none-eabi/lib/thumb/v7e-m+fp/hard/libc_nano.a(libc_a-reent.o)
 .ARM.attributes
                0x00000793       0x34 /Applications/STM32CubeIDE.app/Contents/Eclipse/plugins/com.st.stm32cube.ide.mcu.externaltools.gnu-tools-for-stm32.13.3.rel1.macos64_1.0.0.202411102158/tools/bin/../lib/gcc/arm-none-eabi/13.3.1/../../../../arm-none-eabi/lib/thumb/v7e-m+fp/hard/libc_nano.a(libc_a-impure.o)
 .ARM.attributes
                0x000007c7       0x34 /Applications/STM32CubeIDE.app/Contents/Eclipse/plugins/com.st.stm32cube.ide.mcu.externaltools.gnu-tools-for-stm32.13.3.rel1.macos64_1.0.0.202411102158/tools/bin/../lib/gcc/arm-none-eabi/13.3.1/../../../../arm-none-eabi/lib/thumb/v7e-m+fp/hard/libc_nano.a(libc_a-memcpy-stub.o)
 .ARM.attributes
                0x000007fb       0x34 /Applications/STM32CubeIDE.app/Contents/Eclipse/plugins/com.st.stm32cube.ide.mcu.externaltools.gnu-tools-for-stm32.13.3.rel1.macos64_1.0.0.202411102158/tools/bin/../lib/gcc/arm-none-eabi/13.3.1/../../../../arm-none-eabi/lib/thumb/v7e-m+fp/hard/libc_nano.a(libc_a-freer.o)
 .ARM.attributes
                0x0000082f       0x34 /Applications/STM32CubeIDE.app/Contents/Eclipse/plugins/com.st.stm32cube.ide.mcu.externaltools.gnu-tools-for-stm32.13.3.rel1.macos64_1.0.0.202411102158/tools/bin/../lib/gcc/arm-none-eabi/13.3.1/../../../../arm-none-eabi/lib/thumb/v7e-m+fp/hard/libc_nano.a(libc_a-mallocr.o)
 .ARM.attributes
                0x00000863       0x34 /Applications/STM32CubeIDE.app/Contents/Eclipse/plugins/com.st.stm32cube.ide.mcu.externaltools.gnu-tools-for-stm32.13.3.rel1.macos64_1.0.0.202411102158/tools/bin/../lib/gcc/arm-none-eabi/13.3.1/../../../../arm-none-eabi/lib/thumb/v7e-m+fp/hard/libc_nano.a(libc_a-mlock.o)
 .ARM.attributes
                0x00000897       0x22 /Applications/STM32CubeIDE.app/Contents/Eclipse/plugins/com.st.stm32cube.ide.mcu.externaltools.gnu-tools-for-stm32.13.3.rel1.macos64_1.0.0.202411102158/tools/bin/../lib/gcc/arm-none-eabi/13.3.1/thumb/v7e-m+fp/hard/libgcc.a(_aeabi_uldivmod.o)
 .ARM.attributes
                0x000008b9       0x34 /Applications/STM32CubeIDE.app/Contents/Eclipse/plugins/com.st.stm32cube.ide.mcu.externaltools.gnu-tools-for-stm32.13.3.rel1.macos64_1.0.0.202411102158/tools/bin/../lib/gcc/arm-none-eabi/13.3.1/thumb/v7e-m+fp/hard/libgcc.a(_udivmoddi4.o)
 .ARM.attributes
                0x000008ed       0x22 /Applications/STM32CubeIDE.app/Contents/Eclipse/plugins/com.st.stm32cube.ide.mcu.externaltools.gnu-tools-for-stm32.13.3.rel1.macos64_1.0.0.202411102158/tools/bin/../lib/gcc/arm-none-eabi/13.3.1/thumb/v7e-m+fp/hard/libgcc.a(_dvmd_tls.o)
 .ARM.attributes
                0x0000090f       0x22 /Applications/STM32CubeIDE.app/Contents/Eclipse/plugins/com.st.stm32cube.ide.mcu.externaltools.gnu-tools-for-stm32.13.3.rel1.macos64_1.0.0.202411102158/tools/bin/../lib/gcc/arm-none-eabi/13.3.1/thumb/v7e-m+fp/hard/crtn.o
OUTPUT(is1300_project.elf elf32-littlearm)
LOAD linker stubs
LOAD /Applications/STM32CubeIDE.app/Contents/Eclipse/plugins/com.st.stm32cube.ide.mcu.externaltools.gnu-tools-for-stm32.13.3.rel1.macos64_1.0.0.202411102158/tools/bin/../lib/gcc/arm-none-eabi/13.3.1/../../../../arm-none-eabi/lib/thumb/v7e-m+fp/hard/libc.a
LOAD /Applications/STM32CubeIDE.app/Contents/Eclipse/plugins/com.st.stm32cube.ide.mcu.externaltools.gnu-tools-for-stm32.13.3.rel1.macos64_1.0.0.202411102158/tools/bin/../lib/gcc/arm-none-eabi/13.3.1/../../../../arm-none-eabi/lib/thumb/v7e-m+fp/hard/libm.a
LOAD /Applications/STM32CubeIDE.app/Contents/Eclipse/plugins/com.st.stm32cube.ide.mcu.externaltools.gnu-tools-for-stm32.13.3.rel1.macos64_1.0.0.202411102158/tools/bin/../lib/gcc/arm-none-eabi/13.3.1/thumb/v7e-m+fp/hard/libgcc.a

.debug_info     0x00000000    0x22659
 .debug_info    0x00000000      0xeb0 ./Core/Src/adc.o
 .debug_info    0x00000eb0      0xd8d ./Core/Src/freertos.o
 .debug_info    0x00001c3d      0x4a7 ./Core/Src/gpio.o
 .debug_info    0x000020e4      0x987 ./Core/Src/main.o
 .debug_info    0x00002a6b      0xa15 ./Core/Src/spi.o
 .debug_info    0x00003480      0x50d ./Core/Src/stm32l4xx_hal_msp.o
 .debug_info    0x0000398d      0xc71 ./Core/Src/stm32l4xx_hal_timebase_tim.o
 .debug_info    0x000045fe      0x6d1 ./Core/Src/stm32l4xx_it.o
 .debug_info    0x00004ccf      0x5b1 ./Core/Src/system_stm32l4xx.o
 .debug_info    0x00005280      0xa2b ./Core/Src/tim.o
 .debug_info    0x00005cab      0xd1b ./Core/Src/usart.o
 .debug_info    0x000069c6       0x30 ./Core/Startup/startup_stm32l476rgtx.o
 .debug_info    0x000069f6      0xc09 ./Drivers/STM32L4xx_HAL_Driver/Src/stm32l4xx_hal.o
 .debug_info    0x000075ff     0x1db8 ./Drivers/STM32L4xx_HAL_Driver/Src/stm32l4xx_hal_adc.o
 .debug_info    0x000093b7     0x1b24 ./Drivers/STM32L4xx_HAL_Driver/Src/stm32l4xx_hal_adc_ex.o
 .debug_info    0x0000aedb      0xd81 ./Drivers/STM32L4xx_HAL_Driver/Src/stm32l4xx_hal_cortex.o
 .debug_info    0x0000bc5c      0x757 ./Drivers/STM32L4xx_HAL_Driver/Src/stm32l4xx_hal_gpio.o
 .debug_info    0x0000c3b3      0x99e ./Drivers/STM32L4xx_HAL_Driver/Src/stm32l4xx_hal_pwr_ex.o
 .debug_info    0x0000cd51      0xc14 ./Drivers/STM32L4xx_HAL_Driver/Src/stm32l4xx_hal_rcc.o
 .debug_info    0x0000d965      0xe11 ./Drivers/STM32L4xx_HAL_Driver/Src/stm32l4xx_hal_rcc_ex.o
 .debug_info    0x0000e776     0x1549 ./Drivers/STM32L4xx_HAL_Driver/Src/stm32l4xx_hal_spi.o
 .debug_info    0x0000fcbf     0x2a9a ./Drivers/STM32L4xx_HAL_Driver/Src/stm32l4xx_hal_tim.o
 .debug_info    0x00012759     0x169e ./Drivers/STM32L4xx_HAL_Driver/Src/stm32l4xx_hal_tim_ex.o
 .debug_info    0x00013df7     0x3b69 ./Drivers/STM32L4xx_HAL_Driver/Src/stm32l4xx_hal_uart.o
 .debug_info    0x00017960     0x410d ./Middlewares/Third_Party/FreeRTOS/Source/CMSIS_RTOS_V2/cmsis_os2.o
 .debug_info    0x0001ba6d      0x2af ./Middlewares/Third_Party/FreeRTOS/Source/list.o
 .debug_info    0x0001bd1c     0x1b79 ./Middlewares/Third_Party/FreeRTOS/Source/queue.o
 .debug_info    0x0001d895     0x28c1 ./Middlewares/Third_Party/FreeRTOS/Source/tasks.o
 .debug_info    0x00020156     0x1b50 ./Middlewares/Third_Party/FreeRTOS/Source/timers.o
 .debug_info    0x00021ca6      0x4de ./Middlewares/Third_Party/FreeRTOS/Source/portable/GCC/ARM_CM4F/port.o
 .debug_info    0x00022184      0x4d5 ./Middlewares/Third_Party/FreeRTOS/Source/portable/MemMang/heap_4.o

.debug_abbrev   0x00000000     0x47ed
 .debug_abbrev  0x00000000      0x1f2 ./Core/Src/adc.o
 .debug_abbrev  0x000001f2      0x297 ./Core/Src/freertos.o
 .debug_abbrev  0x00000489      0x152 ./Core/Src/gpio.o
 .debug_abbrev  0x000005db      0x22e ./Core/Src/main.o
 .debug_abbrev  0x00000809      0x200 ./Core/Src/spi.o
 .debug_abbrev  0x00000a09      0x107 ./Core/Src/stm32l4xx_hal_msp.o
 .debug_abbrev  0x00000b10      0x1f4 ./Core/Src/stm32l4xx_hal_timebase_tim.o
 .debug_abbrev  0x00000d04      0x17e ./Core/Src/stm32l4xx_it.o
 .debug_abbrev  0x00000e82      0x11a ./Core/Src/system_stm32l4xx.o
 .debug_abbrev  0x00000f9c      0x1d8 ./Core/Src/tim.o
 .debug_abbrev  0x00001174      0x1f5 ./Core/Src/usart.o
 .debug_abbrev  0x00001369       0x24 ./Core/Startup/startup_stm32l476rgtx.o
 .debug_abbrev  0x0000138d      0x243 ./Drivers/STM32L4xx_HAL_Driver/Src/stm32l4xx_hal.o
 .debug_abbrev  0x000015d0      0x2de ./Drivers/STM32L4xx_HAL_Driver/Src/stm32l4xx_hal_adc.o
 .debug_abbrev  0x000018ae      0x2f1 ./Drivers/STM32L4xx_HAL_Driver/Src/stm32l4xx_hal_adc_ex.o
 .debug_abbrev  0x00001b9f      0x31c ./Drivers/STM32L4xx_HAL_Driver/Src/stm32l4xx_hal_cortex.o
 .debug_abbrev  0x00001ebb      0x1cb ./Drivers/STM32L4xx_HAL_Driver/Src/stm32l4xx_hal_gpio.o
 .debug_abbrev  0x00002086      0x1f9 ./Drivers/STM32L4xx_HAL_Driver/Src/stm32l4xx_hal_pwr_ex.o
 .debug_abbrev  0x0000227f      0x2cb ./Drivers/STM32L4xx_HAL_Driver/Src/stm32l4xx_hal_rcc.o
 .debug_abbrev  0x0000254a      0x2a6 ./Drivers/STM32L4xx_HAL_Driver/Src/stm32l4xx_hal_rcc_ex.o
 .debug_abbrev  0x000027f0      0x260 ./Drivers/STM32L4xx_HAL_Driver/Src/stm32l4xx_hal_spi.o
 .debug_abbrev  0x00002a50      0x278 ./Drivers/STM32L4xx_HAL_Driver/Src/stm32l4xx_hal_tim.o
 .debug_abbrev  0x00002cc8      0x283 ./Drivers/STM32L4xx_HAL_Driver/Src/stm32l4xx_hal_tim_ex.o
 .debug_abbrev  0x00002f4b      0x2d0 ./Drivers/STM32L4xx_HAL_Driver/Src/stm32l4xx_hal_uart.o
 .debug_abbrev  0x0000321b      0x548 ./Middlewares/Third_Party/FreeRTOS/Source/CMSIS_RTOS_V2/cmsis_os2.o
 .debug_abbrev  0x00003763       0xf5 ./Middlewares/Third_Party/FreeRTOS/Source/list.o
 .debug_abbrev  0x00003858      0x3b6 ./Middlewares/Third_Party/FreeRTOS/Source/queue.o
 .debug_abbrev  0x00003c0e      0x3fe ./Middlewares/Third_Party/FreeRTOS/Source/tasks.o
 .debug_abbrev  0x0000400c      0x368 ./Middlewares/Third_Party/FreeRTOS/Source/timers.o
 .debug_abbrev  0x00004374      0x25c ./Middlewares/Third_Party/FreeRTOS/Source/portable/GCC/ARM_CM4F/port.o
 .debug_abbrev  0x000045d0      0x21d ./Middlewares/Third_Party/FreeRTOS/Source/portable/MemMang/heap_4.o

.debug_aranges  0x00000000     0x1cf8
 .debug_aranges
                0x00000000       0x30 ./Core/Src/adc.o
 .debug_aranges
                0x00000030       0x48 ./Core/Src/freertos.o
 .debug_aranges
                0x00000078       0x20 ./Core/Src/gpio.o
 .debug_aranges
                0x00000098       0x38 ./Core/Src/main.o
 .debug_aranges
                0x000000d0       0x38 ./Core/Src/spi.o
 .debug_aranges
                0x00000108       0x20 ./Core/Src/stm32l4xx_hal_msp.o
 .debug_aranges
                0x00000128       0x30 ./Core/Src/stm32l4xx_hal_timebase_tim.o
 .debug_aranges
                0x00000158       0x50 ./Core/Src/stm32l4xx_it.o
 .debug_aranges
                0x000001a8       0x28 ./Core/Src/system_stm32l4xx.o
 .debug_aranges
                0x000001d0       0x30 ./Core/Src/tim.o
 .debug_aranges
                0x00000200       0x30 ./Core/Src/usart.o
 .debug_aranges
                0x00000230       0x28 ./Core/Startup/startup_stm32l476rgtx.o
 .debug_aranges
                0x00000258      0x130 ./Drivers/STM32L4xx_HAL_Driver/Src/stm32l4xx_hal.o
 .debug_aranges
                0x00000388      0x220 ./Drivers/STM32L4xx_HAL_Driver/Src/stm32l4xx_hal_adc.o
 .debug_aranges
                0x000005a8      0x1a8 ./Drivers/STM32L4xx_HAL_Driver/Src/stm32l4xx_hal_adc_ex.o
 .debug_aranges
                0x00000750      0x128 ./Drivers/STM32L4xx_HAL_Driver/Src/stm32l4xx_hal_cortex.o
 .debug_aranges
                0x00000878       0x58 ./Drivers/STM32L4xx_HAL_Driver/Src/stm32l4xx_hal_gpio.o
 .debug_aranges
                0x000008d0      0x160 ./Drivers/STM32L4xx_HAL_Driver/Src/stm32l4xx_hal_pwr_ex.o
 .debug_aranges
                0x00000a30       0x90 ./Drivers/STM32L4xx_HAL_Driver/Src/stm32l4xx_hal_rcc.o
 .debug_aranges
                0x00000ac0       0xc0 ./Drivers/STM32L4xx_HAL_Driver/Src/stm32l4xx_hal_rcc_ex.o
 .debug_aranges
                0x00000b80      0x1d8 ./Drivers/STM32L4xx_HAL_Driver/Src/stm32l4xx_hal_spi.o
 .debug_aranges
                0x00000d58      0x3e0 ./Drivers/STM32L4xx_HAL_Driver/Src/stm32l4xx_hal_tim.o
 .debug_aranges
                0x00001138      0x180 ./Drivers/STM32L4xx_HAL_Driver/Src/stm32l4xx_hal_tim_ex.o
 .debug_aranges
                0x000012b8      0x228 ./Drivers/STM32L4xx_HAL_Driver/Src/stm32l4xx_hal_uart.o
 .debug_aranges
                0x000014e0      0x2b0 ./Middlewares/Third_Party/FreeRTOS/Source/CMSIS_RTOS_V2/cmsis_os2.o
 .debug_aranges
                0x00001790       0x40 ./Middlewares/Third_Party/FreeRTOS/Source/list.o
 .debug_aranges
                0x000017d0      0x158 ./Middlewares/Third_Party/FreeRTOS/Source/queue.o
 .debug_aranges
                0x00001928      0x208 ./Middlewares/Third_Party/FreeRTOS/Source/tasks.o
 .debug_aranges
                0x00001b30       0xf0 ./Middlewares/Third_Party/FreeRTOS/Source/timers.o
 .debug_aranges
                0x00001c20       0x80 ./Middlewares/Third_Party/FreeRTOS/Source/portable/GCC/ARM_CM4F/port.o
 .debug_aranges
                0x00001ca0       0x58 ./Middlewares/Third_Party/FreeRTOS/Source/portable/MemMang/heap_4.o

.debug_rnglists
                0x00000000     0x167d
 .debug_rnglists
                0x00000000       0x21 ./Core/Src/adc.o
 .debug_rnglists
                0x00000021       0x32 ./Core/Src/freertos.o
 .debug_rnglists
                0x00000053       0x14 ./Core/Src/gpio.o
 .debug_rnglists
                0x00000067       0x26 ./Core/Src/main.o
 .debug_rnglists
                0x0000008d       0x26 ./Core/Src/spi.o
 .debug_rnglists
                0x000000b3       0x13 ./Core/Src/stm32l4xx_hal_msp.o
 .debug_rnglists
                0x000000c6       0x20 ./Core/Src/stm32l4xx_hal_timebase_tim.o
 .debug_rnglists
                0x000000e6       0x37 ./Core/Src/stm32l4xx_it.o
 .debug_rnglists
                0x0000011d       0x1a ./Core/Src/system_stm32l4xx.o
 .debug_rnglists
                0x00000137       0x20 ./Core/Src/tim.o
 .debug_rnglists
                0x00000157       0x20 ./Core/Src/usart.o
 .debug_rnglists
                0x00000177       0x19 ./Core/Startup/startup_stm32l476rgtx.o
 .debug_rnglists
                0x00000190       0xdf ./Drivers/STM32L4xx_HAL_Driver/Src/stm32l4xx_hal.o
 .debug_rnglists
                0x0000026f      0x1b1 ./Drivers/STM32L4xx_HAL_Driver/Src/stm32l4xx_hal_adc.o
 .debug_rnglists
                0x00000420      0x148 ./Drivers/STM32L4xx_HAL_Driver/Src/stm32l4xx_hal_adc_ex.o
 .debug_rnglists
                0x00000568       0xda ./Drivers/STM32L4xx_HAL_Driver/Src/stm32l4xx_hal_cortex.o
 .debug_rnglists
                0x00000642       0x3f ./Drivers/STM32L4xx_HAL_Driver/Src/stm32l4xx_hal_gpio.o
 .debug_rnglists
                0x00000681      0x109 ./Drivers/STM32L4xx_HAL_Driver/Src/stm32l4xx_hal_pwr_ex.o
 .debug_rnglists
                0x0000078a       0x6d ./Drivers/STM32L4xx_HAL_Driver/Src/stm32l4xx_hal_rcc.o
 .debug_rnglists
                0x000007f7       0x95 ./Drivers/STM32L4xx_HAL_Driver/Src/stm32l4xx_hal_rcc_ex.o
 .debug_rnglists
                0x0000088c      0x178 ./Drivers/STM32L4xx_HAL_Driver/Src/stm32l4xx_hal_spi.o
 .debug_rnglists
                0x00000a04      0x328 ./Drivers/STM32L4xx_HAL_Driver/Src/stm32l4xx_hal_tim.o
 .debug_rnglists
                0x00000d2c      0x139 ./Drivers/STM32L4xx_HAL_Driver/Src/stm32l4xx_hal_tim_ex.o
 .debug_rnglists
                0x00000e65      0x1db ./Drivers/STM32L4xx_HAL_Driver/Src/stm32l4xx_hal_uart.o
 .debug_rnglists
                0x00001040      0x212 ./Middlewares/Third_Party/FreeRTOS/Source/CMSIS_RTOS_V2/cmsis_os2.o
 .debug_rnglists
                0x00001252       0x2b ./Middlewares/Third_Party/FreeRTOS/Source/list.o
 .debug_rnglists
                0x0000127d      0x109 ./Middlewares/Third_Party/FreeRTOS/Source/queue.o
 .debug_rnglists
                0x00001386      0x1a0 ./Middlewares/Third_Party/FreeRTOS/Source/tasks.o
 .debug_rnglists
                0x00001526       0xb8 ./Middlewares/Third_Party/FreeRTOS/Source/timers.o
 .debug_rnglists
                0x000015de       0x5d ./Middlewares/Third_Party/FreeRTOS/Source/portable/GCC/ARM_CM4F/port.o
 .debug_rnglists
                0x0000163b       0x42 ./Middlewares/Third_Party/FreeRTOS/Source/portable/MemMang/heap_4.o

.debug_macro    0x00000000    0x2be44
 .debug_macro   0x00000000      0x211 ./Core/Src/adc.o
 .debug_macro   0x00000211      0xad8 ./Core/Src/adc.o
 .debug_macro   0x00000ce9      0x1b3 ./Core/Src/adc.o
 .debug_macro   0x00000e9c       0x2e ./Core/Src/adc.o
 .debug_macro   0x00000eca       0x28 ./Core/Src/adc.o
 .debug_macro   0x00000ef2       0x22 ./Core/Src/adc.o
 .debug_macro   0x00000f14       0x8e ./Core/Src/adc.o
 .debug_macro   0x00000fa2       0x51 ./Core/Src/adc.o
 .debug_macro   0x00000ff3      0x103 ./Core/Src/adc.o
 .debug_macro   0x000010f6       0x6a ./Core/Src/adc.o
 .debug_macro   0x00001160      0x1df ./Core/Src/adc.o
 .debug_macro   0x0000133f       0x1c ./Core/Src/adc.o
 .debug_macro   0x0000135b       0x22 ./Core/Src/adc.o
 .debug_macro   0x0000137d       0xfb ./Core/Src/adc.o
 .debug_macro   0x00001478     0x1011 ./Core/Src/adc.o
 .debug_macro   0x00002489      0x11f ./Core/Src/adc.o
 .debug_macro   0x000025a8    0x1a17a ./Core/Src/adc.o
 .debug_macro   0x0001c722       0x6d ./Core/Src/adc.o
 .debug_macro   0x0001c78f     0x38fb ./Core/Src/adc.o
 .debug_macro   0x0002008a      0x190 ./Core/Src/adc.o
 .debug_macro   0x0002021a       0x5c ./Core/Src/adc.o
 .debug_macro   0x00020276     0x159e ./Core/Src/adc.o
 .debug_macro   0x00021814      0x5a5 ./Core/Src/adc.o
 .debug_macro   0x00021db9      0x1b9 ./Core/Src/adc.o
 .debug_macro   0x00021f72      0x18b ./Core/Src/adc.o
 .debug_macro   0x000220fd      0x26b ./Core/Src/adc.o
 .debug_macro   0x00022368      0x23d ./Core/Src/adc.o
 .debug_macro   0x000225a5      0xf91 ./Core/Src/adc.o
 .debug_macro   0x00023536      0x632 ./Core/Src/adc.o
 .debug_macro   0x00023b68      0x30c ./Core/Src/adc.o
 .debug_macro   0x00023e74      0x241 ./Core/Src/adc.o
 .debug_macro   0x000240b5      0x37c ./Core/Src/adc.o
 .debug_macro   0x00024431       0xd6 ./Core/Src/adc.o
 .debug_macro   0x00024507      0x122 ./Core/Src/adc.o
 .debug_macro   0x00024629      0x3ef ./Core/Src/adc.o
 .debug_macro   0x00024a18      0x2fe ./Core/Src/adc.o
 .debug_macro   0x00024d16      0xa98 ./Core/Src/adc.o
 .debug_macro   0x000257ae      0x1e6 ./Core/Src/adc.o
 .debug_macro   0x00025994      0x5cf ./Core/Src/adc.o
 .debug_macro   0x00025f63       0x44 ./Core/Src/adc.o
 .debug_macro   0x00025fa7      0x330 ./Core/Src/adc.o
 .debug_macro   0x000262d7       0xf4 ./Core/Src/adc.o
 .debug_macro   0x000263cb      0x34f ./Core/Src/freertos.o
 .debug_macro   0x0002671a      0x16f ./Core/Src/freertos.o
 .debug_macro   0x00026889      0x15a ./Core/Src/freertos.o
 .debug_macro   0x000269e3       0xc9 ./Core/Src/freertos.o
 .debug_macro   0x00026aac       0x1c ./Core/Src/freertos.o
 .debug_macro   0x00026ac8       0x26 ./Core/Src/freertos.o
 .debug_macro   0x00026aee       0x61 ./Core/Src/freertos.o
 .debug_macro   0x00026b4f       0x2a ./Core/Src/freertos.o
 .debug_macro   0x00026b79       0x43 ./Core/Src/freertos.o
 .debug_macro   0x00026bbc       0x34 ./Core/Src/freertos.o
 .debug_macro   0x00026bf0      0x370 ./Core/Src/freertos.o
 .debug_macro   0x00026f60       0x16 ./Core/Src/freertos.o
 .debug_macro   0x00026f76       0x4a ./Core/Src/freertos.o
 .debug_macro   0x00026fc0       0x34 ./Core/Src/freertos.o
 .debug_macro   0x00026ff4       0x10 ./Core/Src/freertos.o
 .debug_macro   0x00027004       0x58 ./Core/Src/freertos.o
 .debug_macro   0x0002705c       0x8e ./Core/Src/freertos.o
 .debug_macro   0x000270ea       0x1c ./Core/Src/freertos.o
 .debug_macro   0x00027106      0x185 ./Core/Src/freertos.o
 .debug_macro   0x0002728b       0x10 ./Core/Src/freertos.o
 .debug_macro   0x0002729b       0x3c ./Core/Src/freertos.o
 .debug_macro   0x000272d7      0x4bf ./Core/Src/freertos.o
 .debug_macro   0x00027796       0xb5 ./Core/Src/freertos.o
 .debug_macro   0x0002784b       0xaa ./Core/Src/freertos.o
 .debug_macro   0x000278f5       0x56 ./Core/Src/freertos.o
 .debug_macro   0x0002794b       0x6c ./Core/Src/freertos.o
 .debug_macro   0x000279b7       0x74 ./Core/Src/freertos.o
 .debug_macro   0x00027a2b       0xdd ./Core/Src/freertos.o
 .debug_macro   0x00027b08      0x211 ./Core/Src/gpio.o
 .debug_macro   0x00027d19      0x37d ./Core/Src/main.o
 .debug_macro   0x00028096      0x16f ./Core/Src/main.o
 .debug_macro   0x00028205       0x66 ./Core/Src/main.o
 .debug_macro   0x0002826b      0x211 ./Core/Src/spi.o
 .debug_macro   0x0002847c      0x207 ./Core/Src/stm32l4xx_hal_msp.o
 .debug_macro   0x00028683      0x1f8 ./Core/Src/stm32l4xx_hal_timebase_tim.o
 .debug_macro   0x0002887b      0x211 ./Core/Src/stm32l4xx_it.o
 .debug_macro   0x00028a8c      0x1f8 ./Core/Src/system_stm32l4xx.o
 .debug_macro   0x00028c84      0x211 ./Core/Src/tim.o
 .debug_macro   0x00028e95      0x211 ./Core/Src/usart.o
 .debug_macro   0x000290a6      0x246 ./Drivers/STM32L4xx_HAL_Driver/Src/stm32l4xx_hal.o
 .debug_macro   0x000292ec      0x215 ./Drivers/STM32L4xx_HAL_Driver/Src/stm32l4xx_hal_adc.o
 .debug_macro   0x00029501      0x204 ./Drivers/STM32L4xx_HAL_Driver/Src/stm32l4xx_hal_adc_ex.o
 .debug_macro   0x00029705      0x1f8 ./Drivers/STM32L4xx_HAL_Driver/Src/stm32l4xx_hal_cortex.o
 .debug_macro   0x000298fd      0x1ff ./Drivers/STM32L4xx_HAL_Driver/Src/stm32l4xx_hal_gpio.o
 .debug_macro   0x00029afc      0x21c ./Drivers/STM32L4xx_HAL_Driver/Src/stm32l4xx_hal_pwr_ex.o
 .debug_macro   0x00029d18      0x23a ./Drivers/STM32L4xx_HAL_Driver/Src/stm32l4xx_hal_rcc.o
 .debug_macro   0x00029f52      0x22e ./Drivers/STM32L4xx_HAL_Driver/Src/stm32l4xx_hal_rcc_ex.o
 .debug_macro   0x0002a180      0x200 ./Drivers/STM32L4xx_HAL_Driver/Src/stm32l4xx_hal_spi.o
 .debug_macro   0x0002a380      0x1f9 ./Drivers/STM32L4xx_HAL_Driver/Src/stm32l4xx_hal_tim.o
 .debug_macro   0x0002a579      0x1f8 ./Drivers/STM32L4xx_HAL_Driver/Src/stm32l4xx_hal_tim_ex.o
 .debug_macro   0x0002a771      0x223 ./Drivers/STM32L4xx_HAL_Driver/Src/stm32l4xx_hal_uart.o
 .debug_macro   0x0002a994      0x401 ./Middlewares/Third_Party/FreeRTOS/Source/CMSIS_RTOS_V2/cmsis_os2.o
 .debug_macro   0x0002ad95       0x10 ./Middlewares/Third_Party/FreeRTOS/Source/CMSIS_RTOS_V2/cmsis_os2.o
 .debug_macro   0x0002ada5       0x20 ./Middlewares/Third_Party/FreeRTOS/Source/CMSIS_RTOS_V2/cmsis_os2.o
 .debug_macro   0x0002adc5       0x10 ./Middlewares/Third_Party/FreeRTOS/Source/CMSIS_RTOS_V2/cmsis_os2.o
 .debug_macro   0x0002add5       0xf5 ./Middlewares/Third_Party/FreeRTOS/Source/CMSIS_RTOS_V2/cmsis_os2.o
 .debug_macro   0x0002aeca       0x16 ./Middlewares/Third_Party/FreeRTOS/Source/CMSIS_RTOS_V2/cmsis_os2.o
 .debug_macro   0x0002aee0       0x91 ./Middlewares/Third_Party/FreeRTOS/Source/CMSIS_RTOS_V2/cmsis_os2.o
 .debug_macro   0x0002af71       0x8d ./Middlewares/Third_Party/FreeRTOS/Source/CMSIS_RTOS_V2/cmsis_os2.o
 .debug_macro   0x0002affe       0x9a ./Middlewares/Third_Party/FreeRTOS/Source/CMSIS_RTOS_V2/cmsis_os2.o
 .debug_macro   0x0002b098       0x22 ./Middlewares/Third_Party/FreeRTOS/Source/CMSIS_RTOS_V2/cmsis_os2.o
 .debug_macro   0x0002b0ba      0x199 ./Middlewares/Third_Party/FreeRTOS/Source/list.o
 .debug_macro   0x0002b253      0x228 ./Middlewares/Third_Party/FreeRTOS/Source/queue.o
 .debug_macro   0x0002b47b       0x16 ./Middlewares/Third_Party/FreeRTOS/Source/queue.o
 .debug_macro   0x0002b491       0x87 ./Middlewares/Third_Party/FreeRTOS/Source/queue.o
 .debug_macro   0x0002b518      0x291 ./Middlewares/Third_Party/FreeRTOS/Source/tasks.o
 .debug_macro   0x0002b7a9       0x10 ./Middlewares/Third_Party/FreeRTOS/Source/tasks.o
 .debug_macro   0x0002b7b9      0x1ee ./Middlewares/Third_Party/FreeRTOS/Source/timers.o
 .debug_macro   0x0002b9a7       0x97 ./Middlewares/Third_Party/FreeRTOS/Source/timers.o